ARM GAS  /tmp/ccEbt6fm.s 			page 1


   1              		.cpu cortex-m4
   2              		.arch armv7e-m
   3              		.fpu fpv4-sp-d16
   4              		.eabi_attribute 27, 1
   5              		.eabi_attribute 28, 1
   6              		.eabi_attribute 20, 1
   7              		.eabi_attribute 21, 1
   8              		.eabi_attribute 23, 3
   9              		.eabi_attribute 24, 1
  10              		.eabi_attribute 25, 1
  11              		.eabi_attribute 26, 1
  12              		.eabi_attribute 30, 1
  13              		.eabi_attribute 34, 1
  14              		.eabi_attribute 18, 4
  15              		.file	"debugindicator.c"
  16              		.text
  17              	.Ltext0:
  18              		.cfi_sections	.debug_frame
  19              		.file 1 "Core/Src/debugindicator.c"
  20              		.section	.text.debugindicator_init,"ax",%progbits
  21              		.align	1
  22              		.global	debugindicator_init
  23              		.syntax unified
  24              		.thumb
  25              		.thumb_func
  27              	debugindicator_init:
  28              	.LFB243:
   1:Core/Src/debugindicator.c **** #include "stdint.h"
   2:Core/Src/debugindicator.c **** #include "stdbool.h"
   3:Core/Src/debugindicator.c **** #include "debugindicator.h"
   4:Core/Src/debugindicator.c **** #include "leddriver.h"
   5:Core/Src/debugindicator.c **** #include "cmsis_os.h"
   6:Core/Src/debugindicator.c **** 
   7:Core/Src/debugindicator.c **** #define DEBUG_LED_PIN GPIO_PIN_8
   8:Core/Src/debugindicator.c **** 
   9:Core/Src/debugindicator.c **** extern osEventFlagsId_t ErrorHandle;
  10:Core/Src/debugindicator.c **** 
  11:Core/Src/debugindicator.c **** static leddriver_handle_t debug_led_handle;
  12:Core/Src/debugindicator.c **** static uint32_t debug_led_blink_period;
  13:Core/Src/debugindicator.c **** static bool is_error = false;
  14:Core/Src/debugindicator.c **** 
  15:Core/Src/debugindicator.c **** void debugindicator_init()
  16:Core/Src/debugindicator.c **** {
  29              		.loc 1 16 1 view -0
  30              		.cfi_startproc
  31              		@ args = 0, pretend = 0, frame = 0
  32              		@ frame_needed = 0, uses_anonymous_args = 0
  33 0000 08B5     		push	{r3, lr}
  34              	.LCFI0:
  35              		.cfi_def_cfa_offset 8
  36              		.cfi_offset 3, -8
  37              		.cfi_offset 14, -4
  17:Core/Src/debugindicator.c ****     leddriver_init(&debug_led_handle, GPIOA, DEBUG_LED_PIN);
  38              		.loc 1 17 5 view .LVU1
  39 0002 4FF48072 		mov	r2, #256
  40 0006 0249     		ldr	r1, .L3
  41 0008 0248     		ldr	r0, .L3+4
ARM GAS  /tmp/ccEbt6fm.s 			page 2


  42 000a FFF7FEFF 		bl	leddriver_init
  43              	.LVL0:
  18:Core/Src/debugindicator.c **** }
  44              		.loc 1 18 1 is_stmt 0 view .LVU2
  45 000e 08BD     		pop	{r3, pc}
  46              	.L4:
  47              		.align	2
  48              	.L3:
  49 0010 00000240 		.word	1073872896
  50 0014 00000000 		.word	debug_led_handle
  51              		.cfi_endproc
  52              	.LFE243:
  54              		.section	.text.debugindicator_flash,"ax",%progbits
  55              		.align	1
  56              		.global	debugindicator_flash
  57              		.syntax unified
  58              		.thumb
  59              		.thumb_func
  61              	debugindicator_flash:
  62              	.LFB244:
  19:Core/Src/debugindicator.c **** 
  20:Core/Src/debugindicator.c **** void debugindicator_flash()
  21:Core/Src/debugindicator.c **** {
  63              		.loc 1 21 1 is_stmt 1 view -0
  64              		.cfi_startproc
  65              		@ args = 0, pretend = 0, frame = 0
  66              		@ frame_needed = 0, uses_anonymous_args = 0
  67              		@ link register save eliminated.
  22:Core/Src/debugindicator.c **** 
  23:Core/Src/debugindicator.c **** }
  68              		.loc 1 23 1 view .LVU4
  69 0000 7047     		bx	lr
  70              		.cfi_endproc
  71              	.LFE244:
  73              		.section	.text.debugindicator_error,"ax",%progbits
  74              		.align	1
  75              		.global	debugindicator_error
  76              		.syntax unified
  77              		.thumb
  78              		.thumb_func
  80              	debugindicator_error:
  81              	.LFB245:
  24:Core/Src/debugindicator.c **** 
  25:Core/Src/debugindicator.c **** void debugindicator_error()
  26:Core/Src/debugindicator.c **** {
  82              		.loc 1 26 1 view -0
  83              		.cfi_startproc
  84              		@ args = 0, pretend = 0, frame = 0
  85              		@ frame_needed = 0, uses_anonymous_args = 0
  86              		@ link register save eliminated.
  27:Core/Src/debugindicator.c **** 
  28:Core/Src/debugindicator.c **** }
  87              		.loc 1 28 1 view .LVU6
  88 0000 7047     		bx	lr
  89              		.cfi_endproc
  90              	.LFE245:
  92              		.section	.text.startDebugIndicatorTask,"ax",%progbits
ARM GAS  /tmp/ccEbt6fm.s 			page 3


  93              		.align	1
  94              		.global	startDebugIndicatorTask
  95              		.syntax unified
  96              		.thumb
  97              		.thumb_func
  99              	startDebugIndicatorTask:
 100              	.LFB246:
  29:Core/Src/debugindicator.c **** 
  30:Core/Src/debugindicator.c **** void startDebugIndicatorTask()
  31:Core/Src/debugindicator.c **** {
 101              		.loc 1 31 1 view -0
 102              		.cfi_startproc
 103              		@ Volatile: function does not return.
 104              		@ args = 0, pretend = 0, frame = 0
 105              		@ frame_needed = 0, uses_anonymous_args = 0
 106 0000 08B5     		push	{r3, lr}
 107              	.LCFI1:
 108              		.cfi_def_cfa_offset 8
 109              		.cfi_offset 3, -8
 110              		.cfi_offset 14, -4
 111 0002 05E0     		b	.L8
 112              	.L12:
  32:Core/Src/debugindicator.c ****     /**
  33:Core/Src/debugindicator.c ****      * TODO: If the flash() function has been called, the LED should just pulse once
  34:Core/Src/debugindicator.c ****      * If the error() function has been called, the LED should blink indefinitely 
  35:Core/Src/debugindicator.c ****      * 
  36:Core/Src/debugindicator.c ****      */
  37:Core/Src/debugindicator.c ****     for (;;)
  38:Core/Src/debugindicator.c ****     {
  39:Core/Src/debugindicator.c ****         osEventFlagsWait(ErrorHandle, (EVENT_FLAG_ERROR | EVENT_FLAG_DEBUG), osFlagsWaitAny, osWait
  40:Core/Src/debugindicator.c ****         /** TODO: Add event reader/queue */
  41:Core/Src/debugindicator.c ****         if (osEventFlagsGet(ErrorHandle) & EVENT_FLAG_ERROR)
  42:Core/Src/debugindicator.c ****         {
  43:Core/Src/debugindicator.c ****             leddriver_toggle(&debug_led_handle);
 113              		.loc 1 43 13 view .LVU8
 114 0004 0F48     		ldr	r0, .L13
 115 0006 FFF7FEFF 		bl	leddriver_toggle
 116              	.LVL1:
  44:Core/Src/debugindicator.c ****             osDelay(250);
 117              		.loc 1 44 13 view .LVU9
 118 000a FA20     		movs	r0, #250
 119 000c FFF7FEFF 		bl	osDelay
 120              	.LVL2:
 121              	.L8:
  37:Core/Src/debugindicator.c ****     {
 122              		.loc 1 37 5 view .LVU10
  39:Core/Src/debugindicator.c ****         /** TODO: Add event reader/queue */
 123              		.loc 1 39 9 view .LVU11
 124 0010 0D4C     		ldr	r4, .L13+4
 125 0012 4FF0FF33 		mov	r3, #-1
 126 0016 0022     		movs	r2, #0
 127 0018 0321     		movs	r1, #3
 128 001a 2068     		ldr	r0, [r4]
 129 001c FFF7FEFF 		bl	osEventFlagsWait
 130              	.LVL3:
  41:Core/Src/debugindicator.c ****         {
 131              		.loc 1 41 9 view .LVU12
ARM GAS  /tmp/ccEbt6fm.s 			page 4


  41:Core/Src/debugindicator.c ****         {
 132              		.loc 1 41 13 is_stmt 0 view .LVU13
 133 0020 2068     		ldr	r0, [r4]
 134 0022 FFF7FEFF 		bl	osEventFlagsGet
 135              	.LVL4:
  41:Core/Src/debugindicator.c ****         {
 136              		.loc 1 41 12 view .LVU14
 137 0026 10F0010F 		tst	r0, #1
 138 002a EBD1     		bne	.L12
  45:Core/Src/debugindicator.c ****         }
  46:Core/Src/debugindicator.c ****         else
  47:Core/Src/debugindicator.c ****         {   
  48:Core/Src/debugindicator.c ****             leddriver_set(&debug_led_handle);
 139              		.loc 1 48 13 is_stmt 1 view .LVU15
 140 002c 054C     		ldr	r4, .L13
 141 002e 2046     		mov	r0, r4
 142 0030 FFF7FEFF 		bl	leddriver_set
 143              	.LVL5:
  49:Core/Src/debugindicator.c ****             osDelay(500);
 144              		.loc 1 49 13 view .LVU16
 145 0034 4FF4FA70 		mov	r0, #500
 146 0038 FFF7FEFF 		bl	osDelay
 147              	.LVL6:
  50:Core/Src/debugindicator.c ****             leddriver_reset(&debug_led_handle);
 148              		.loc 1 50 13 view .LVU17
 149 003c 2046     		mov	r0, r4
 150 003e FFF7FEFF 		bl	leddriver_reset
 151              	.LVL7:
 152 0042 E5E7     		b	.L8
 153              	.L14:
 154              		.align	2
 155              	.L13:
 156 0044 00000000 		.word	debug_led_handle
 157 0048 00000000 		.word	ErrorHandle
 158              		.cfi_endproc
 159              	.LFE246:
 161              		.section	.bss.debug_led_handle,"aw",%nobits
 162              		.align	2
 165              	debug_led_handle:
 166 0000 00000000 		.space	8
 166      00000000 
 167              		.text
 168              	.Letext0:
 169              		.file 2 "/opt/st/stm32cubeclt_1.17.0/GNU-tools-for-STM32/arm-none-eabi/include/machine/_default_ty
 170              		.file 3 "/opt/st/stm32cubeclt_1.17.0/GNU-tools-for-STM32/arm-none-eabi/include/sys/_stdint.h"
 171              		.file 4 "Drivers/CMSIS/Device/ST/STM32F4xx/Include/stm32f405xx.h"
 172              		.file 5 "Core/Inc/leddriver.h"
 173              		.file 6 "Middlewares/Third_Party/FreeRTOS/Source/CMSIS_RTOS_V2/cmsis_os2.h"
ARM GAS  /tmp/ccEbt6fm.s 			page 5


DEFINED SYMBOLS
                            *ABS*:00000000 debugindicator.c
     /tmp/ccEbt6fm.s:21     .text.debugindicator_init:00000000 $t
     /tmp/ccEbt6fm.s:27     .text.debugindicator_init:00000000 debugindicator_init
     /tmp/ccEbt6fm.s:49     .text.debugindicator_init:00000010 $d
     /tmp/ccEbt6fm.s:165    .bss.debug_led_handle:00000000 debug_led_handle
     /tmp/ccEbt6fm.s:55     .text.debugindicator_flash:00000000 $t
     /tmp/ccEbt6fm.s:61     .text.debugindicator_flash:00000000 debugindicator_flash
     /tmp/ccEbt6fm.s:74     .text.debugindicator_error:00000000 $t
     /tmp/ccEbt6fm.s:80     .text.debugindicator_error:00000000 debugindicator_error
     /tmp/ccEbt6fm.s:93     .text.startDebugIndicatorTask:00000000 $t
     /tmp/ccEbt6fm.s:99     .text.startDebugIndicatorTask:00000000 startDebugIndicatorTask
     /tmp/ccEbt6fm.s:156    .text.startDebugIndicatorTask:00000044 $d
     /tmp/ccEbt6fm.s:162    .bss.debug_led_handle:00000000 $d

UNDEFINED SYMBOLS
leddriver_init
leddriver_toggle
osDelay
osEventFlagsWait
osEventFlagsGet
leddriver_set
leddriver_reset
ErrorHandle
