ARM GAS  /tmp/cc8hA45c.s 			page 1


   1              		.cpu cortex-m4
   2              		.arch armv7e-m
   3              		.fpu fpv4-sp-d16
   4              		.eabi_attribute 27, 1
   5              		.eabi_attribute 28, 1
   6              		.eabi_attribute 20, 1
   7              		.eabi_attribute 21, 1
   8              		.eabi_attribute 23, 3
   9              		.eabi_attribute 24, 1
  10              		.eabi_attribute 25, 1
  11              		.eabi_attribute 26, 1
  12              		.eabi_attribute 30, 1
  13              		.eabi_attribute 34, 1
  14              		.eabi_attribute 18, 4
  15              		.file	"debug.c"
  16              		.text
  17              	.Ltext0:
  18              		.cfi_sections	.debug_frame
  19              		.file 1 "Core/Src/debug.c"
  20              		.section	.text.debug_init,"ax",%progbits
  21              		.align	1
  22              		.global	debug_init
  23              		.syntax unified
  24              		.thumb
  25              		.thumb_func
  27              	debug_init:
  28              	.LFB243:
   1:Core/Src/debug.c **** #include "stdint.h"
   2:Core/Src/debug.c **** #include "stdbool.h"
   3:Core/Src/debug.c **** #include "debug.h"
   4:Core/Src/debug.c **** #include "leddriver.h"
   5:Core/Src/debug.c **** #include "cmsis_os.h"
   6:Core/Src/debug.c **** 
   7:Core/Src/debug.c **** #define DEBUG_LED_PIN GPIO_PIN_13
   8:Core/Src/debug.c **** 
   9:Core/Src/debug.c **** extern osEventFlagsId_t ErrorHandle;
  10:Core/Src/debug.c **** 
  11:Core/Src/debug.c **** static leddriver_handle_t debug_led_handle;
  12:Core/Src/debug.c **** 
  13:Core/Src/debug.c **** void debug_init()
  14:Core/Src/debug.c **** {
  29              		.loc 1 14 1 view -0
  30              		.cfi_startproc
  31              		@ args = 0, pretend = 0, frame = 0
  32              		@ frame_needed = 0, uses_anonymous_args = 0
  33 0000 08B5     		push	{r3, lr}
  34              	.LCFI0:
  35              		.cfi_def_cfa_offset 8
  36              		.cfi_offset 3, -8
  37              		.cfi_offset 14, -4
  15:Core/Src/debug.c ****     leddriver_init(&debug_led_handle, GPIOA, DEBUG_LED_PIN);
  38              		.loc 1 15 5 view .LVU1
  39 0002 4FF40052 		mov	r2, #8192
  40 0006 0249     		ldr	r1, .L3
  41 0008 0248     		ldr	r0, .L3+4
  42 000a FFF7FEFF 		bl	leddriver_init
  43              	.LVL0:
ARM GAS  /tmp/cc8hA45c.s 			page 2


  16:Core/Src/debug.c **** }
  44              		.loc 1 16 1 is_stmt 0 view .LVU2
  45 000e 08BD     		pop	{r3, pc}
  46              	.L4:
  47              		.align	2
  48              	.L3:
  49 0010 00000240 		.word	1073872896
  50 0014 00000000 		.word	debug_led_handle
  51              		.cfi_endproc
  52              	.LFE243:
  54              		.section	.text.debug_flash,"ax",%progbits
  55              		.align	1
  56              		.global	debug_flash
  57              		.syntax unified
  58              		.thumb
  59              		.thumb_func
  61              	debug_flash:
  62              	.LFB244:
  17:Core/Src/debug.c **** 
  18:Core/Src/debug.c **** void debug_flash()
  19:Core/Src/debug.c **** {
  63              		.loc 1 19 1 is_stmt 1 view -0
  64              		.cfi_startproc
  65              		@ args = 0, pretend = 0, frame = 0
  66              		@ frame_needed = 0, uses_anonymous_args = 0
  67              		@ link register save eliminated.
  20:Core/Src/debug.c **** 
  21:Core/Src/debug.c **** }
  68              		.loc 1 21 1 view .LVU4
  69 0000 7047     		bx	lr
  70              		.cfi_endproc
  71              	.LFE244:
  73              		.section	.text.debug_error,"ax",%progbits
  74              		.align	1
  75              		.global	debug_error
  76              		.syntax unified
  77              		.thumb
  78              		.thumb_func
  80              	debug_error:
  81              	.LFB245:
  22:Core/Src/debug.c **** 
  23:Core/Src/debug.c **** void debug_error()
  24:Core/Src/debug.c **** {
  82              		.loc 1 24 1 view -0
  83              		.cfi_startproc
  84              		@ args = 0, pretend = 0, frame = 0
  85              		@ frame_needed = 0, uses_anonymous_args = 0
  86              		@ link register save eliminated.
  25:Core/Src/debug.c **** 
  26:Core/Src/debug.c **** }
  87              		.loc 1 26 1 view .LVU6
  88 0000 7047     		bx	lr
  89              		.cfi_endproc
  90              	.LFE245:
  92              		.section	.text.startDebugTask,"ax",%progbits
  93              		.align	1
  94              		.global	startDebugTask
ARM GAS  /tmp/cc8hA45c.s 			page 3


  95              		.syntax unified
  96              		.thumb
  97              		.thumb_func
  99              	startDebugTask:
 100              	.LFB246:
  27:Core/Src/debug.c **** 
  28:Core/Src/debug.c **** void startDebugTask()
  29:Core/Src/debug.c **** {
 101              		.loc 1 29 1 view -0
 102              		.cfi_startproc
 103              		@ Volatile: function does not return.
 104              		@ args = 0, pretend = 0, frame = 0
 105              		@ frame_needed = 0, uses_anonymous_args = 0
 106 0000 08B5     		push	{r3, lr}
 107              	.LCFI1:
 108              		.cfi_def_cfa_offset 8
 109              		.cfi_offset 3, -8
 110              		.cfi_offset 14, -4
 111 0002 05E0     		b	.L8
 112              	.L12:
  30:Core/Src/debug.c ****     /**
  31:Core/Src/debug.c ****      * TODO: If the flash() function has been called, the LED should just pulse once
  32:Core/Src/debug.c ****      * If the error() function has been called, the LED should blink indefinitely 
  33:Core/Src/debug.c ****      * 
  34:Core/Src/debug.c ****      */
  35:Core/Src/debug.c ****     for (;;)
  36:Core/Src/debug.c ****     {
  37:Core/Src/debug.c ****         osEventFlagsWait(ErrorHandle, (EVENT_FLAG_ERROR | EVENT_FLAG_DEBUG), osFlagsWaitAny, osWait
  38:Core/Src/debug.c ****         /** TODO: Add event reader/queue */
  39:Core/Src/debug.c ****         if ((osEventFlagsGet(ErrorHandle) & EVENT_FLAG_ERROR) == EVENT_FLAG_ERROR)
  40:Core/Src/debug.c ****         {
  41:Core/Src/debug.c ****             leddriver_toggle(&debug_led_handle);
 113              		.loc 1 41 13 view .LVU8
 114 0004 1248     		ldr	r0, .L13
 115 0006 FFF7FEFF 		bl	leddriver_toggle
 116              	.LVL1:
  42:Core/Src/debug.c ****             osDelay(250);
 117              		.loc 1 42 13 view .LVU9
 118 000a FA20     		movs	r0, #250
 119 000c FFF7FEFF 		bl	osDelay
 120              	.LVL2:
 121              	.L8:
  35:Core/Src/debug.c ****     {
 122              		.loc 1 35 5 view .LVU10
  37:Core/Src/debug.c ****         /** TODO: Add event reader/queue */
 123              		.loc 1 37 9 view .LVU11
 124 0010 104C     		ldr	r4, .L13+4
 125 0012 4FF0FF33 		mov	r3, #-1
 126 0016 0022     		movs	r2, #0
 127 0018 0321     		movs	r1, #3
 128 001a 2068     		ldr	r0, [r4]
 129 001c FFF7FEFF 		bl	osEventFlagsWait
 130              	.LVL3:
  39:Core/Src/debug.c ****         {
 131              		.loc 1 39 9 view .LVU12
  39:Core/Src/debug.c ****         {
 132              		.loc 1 39 14 is_stmt 0 view .LVU13
ARM GAS  /tmp/cc8hA45c.s 			page 4


 133 0020 2068     		ldr	r0, [r4]
 134 0022 FFF7FEFF 		bl	osEventFlagsGet
 135              	.LVL4:
  39:Core/Src/debug.c ****         {
 136              		.loc 1 39 12 view .LVU14
 137 0026 10F0010F 		tst	r0, #1
 138 002a EBD1     		bne	.L12
  43:Core/Src/debug.c ****         }
  44:Core/Src/debug.c ****         else
  45:Core/Src/debug.c ****         {   
  46:Core/Src/debug.c ****             leddriver_set(&debug_led_handle);
 139              		.loc 1 46 13 is_stmt 1 view .LVU15
 140 002c 084C     		ldr	r4, .L13
 141 002e 2046     		mov	r0, r4
 142 0030 FFF7FEFF 		bl	leddriver_set
 143              	.LVL5:
  47:Core/Src/debug.c ****             osDelay(500);
 144              		.loc 1 47 13 view .LVU16
 145 0034 4FF4FA70 		mov	r0, #500
 146 0038 FFF7FEFF 		bl	osDelay
 147              	.LVL6:
  48:Core/Src/debug.c ****             leddriver_reset(&debug_led_handle);
 148              		.loc 1 48 13 view .LVU17
 149 003c 2046     		mov	r0, r4
 150 003e FFF7FEFF 		bl	leddriver_reset
 151              	.LVL7:
  49:Core/Src/debug.c ****             osEventFlagsClear(ErrorHandle, EVENT_FLAG_DEBUG); 
 152              		.loc 1 49 13 view .LVU18
 153 0042 0221     		movs	r1, #2
 154 0044 034B     		ldr	r3, .L13+4
 155 0046 1868     		ldr	r0, [r3]
 156 0048 FFF7FEFF 		bl	osEventFlagsClear
 157              	.LVL8:
 158 004c E0E7     		b	.L8
 159              	.L14:
 160 004e 00BF     		.align	2
 161              	.L13:
 162 0050 00000000 		.word	debug_led_handle
 163 0054 00000000 		.word	ErrorHandle
 164              		.cfi_endproc
 165              	.LFE246:
 167              		.section	.bss.debug_led_handle,"aw",%nobits
 168              		.align	2
 171              	debug_led_handle:
 172 0000 00000000 		.space	8
 172      00000000 
 173              		.text
 174              	.Letext0:
 175              		.file 2 "/opt/st/stm32cubeclt_1.17.0/GNU-tools-for-STM32/arm-none-eabi/include/machine/_default_ty
 176              		.file 3 "/opt/st/stm32cubeclt_1.17.0/GNU-tools-for-STM32/arm-none-eabi/include/sys/_stdint.h"
 177              		.file 4 "Drivers/CMSIS/Device/ST/STM32F4xx/Include/stm32f405xx.h"
 178              		.file 5 "Core/Inc/leddriver.h"
 179              		.file 6 "Middlewares/Third_Party/FreeRTOS/Source/CMSIS_RTOS_V2/cmsis_os2.h"
ARM GAS  /tmp/cc8hA45c.s 			page 5


DEFINED SYMBOLS
                            *ABS*:00000000 debug.c
     /tmp/cc8hA45c.s:21     .text.debug_init:00000000 $t
     /tmp/cc8hA45c.s:27     .text.debug_init:00000000 debug_init
     /tmp/cc8hA45c.s:49     .text.debug_init:00000010 $d
     /tmp/cc8hA45c.s:171    .bss.debug_led_handle:00000000 debug_led_handle
     /tmp/cc8hA45c.s:55     .text.debug_flash:00000000 $t
     /tmp/cc8hA45c.s:61     .text.debug_flash:00000000 debug_flash
     /tmp/cc8hA45c.s:74     .text.debug_error:00000000 $t
     /tmp/cc8hA45c.s:80     .text.debug_error:00000000 debug_error
     /tmp/cc8hA45c.s:93     .text.startDebugTask:00000000 $t
     /tmp/cc8hA45c.s:99     .text.startDebugTask:00000000 startDebugTask
     /tmp/cc8hA45c.s:162    .text.startDebugTask:00000050 $d
     /tmp/cc8hA45c.s:168    .bss.debug_led_handle:00000000 $d

UNDEFINED SYMBOLS
leddriver_init
leddriver_toggle
osDelay
osEventFlagsWait
osEventFlagsGet
leddriver_set
leddriver_reset
osEventFlagsClear
ErrorHandle
