ARM GAS  /tmp/ccxqvQyH.s 			page 1


   1              		.cpu cortex-m4
   2              		.arch armv7e-m
   3              		.fpu fpv4-sp-d16
   4              		.eabi_attribute 27, 1
   5              		.eabi_attribute 28, 1
   6              		.eabi_attribute 20, 1
   7              		.eabi_attribute 21, 1
   8              		.eabi_attribute 23, 3
   9              		.eabi_attribute 24, 1
  10              		.eabi_attribute 25, 1
  11              		.eabi_attribute 26, 1
  12              		.eabi_attribute 30, 1
  13              		.eabi_attribute 34, 1
  14              		.eabi_attribute 18, 4
  15              		.file	"leddriver.c"
  16              		.text
  17              	.Ltext0:
  18              		.cfi_sections	.debug_frame
  19              		.file 1 "Core/Src/leddriver.c"
  20              		.section	.text.leddriver_set,"ax",%progbits
  21              		.align	1
  22              		.global	leddriver_set
  23              		.syntax unified
  24              		.thumb
  25              		.thumb_func
  27              	leddriver_set:
  28              	.LVL0:
  29              	.LFB240:
   1:Core/Src/leddriver.c **** #include "leddriver.h"
   2:Core/Src/leddriver.c **** #include "stm32f4xx_hal.h"
   3:Core/Src/leddriver.c **** 
   4:Core/Src/leddriver.c **** 
   5:Core/Src/leddriver.c **** void leddriver_init(leddriver_handle_t *leddriver_handle, GPIO_TypeDef *LEDPort, uint16_t LEDPin)
   6:Core/Src/leddriver.c **** {
   7:Core/Src/leddriver.c ****     leddriver_handle->LEDPort = LEDPort;
   8:Core/Src/leddriver.c ****     leddriver_handle->LEDPin = LEDPin;
   9:Core/Src/leddriver.c ****     leddriver_reset(leddriver_handle);
  10:Core/Src/leddriver.c **** }
  11:Core/Src/leddriver.c **** 
  12:Core/Src/leddriver.c **** void leddriver_set(leddriver_handle_t *leddriver_handle)
  13:Core/Src/leddriver.c **** {
  30              		.loc 1 13 1 view -0
  31              		.cfi_startproc
  32              		@ args = 0, pretend = 0, frame = 0
  33              		@ frame_needed = 0, uses_anonymous_args = 0
  34              		.loc 1 13 1 is_stmt 0 view .LVU1
  35 0000 08B5     		push	{r3, lr}
  36              	.LCFI0:
  37              		.cfi_def_cfa_offset 8
  38              		.cfi_offset 3, -8
  39              		.cfi_offset 14, -4
  14:Core/Src/leddriver.c ****     HAL_GPIO_WritePin(leddriver_handle->LEDPort, leddriver_handle->LEDPin, GPIO_PIN_RESET);
  40              		.loc 1 14 5 is_stmt 1 view .LVU2
  41 0002 0022     		movs	r2, #0
  42 0004 8188     		ldrh	r1, [r0, #4]
  43 0006 0068     		ldr	r0, [r0]
  44              	.LVL1:
ARM GAS  /tmp/ccxqvQyH.s 			page 2


  45              		.loc 1 14 5 is_stmt 0 view .LVU3
  46 0008 FFF7FEFF 		bl	HAL_GPIO_WritePin
  47              	.LVL2:
  15:Core/Src/leddriver.c **** }
  48              		.loc 1 15 1 view .LVU4
  49 000c 08BD     		pop	{r3, pc}
  50              		.cfi_endproc
  51              	.LFE240:
  53              		.section	.text.leddriver_reset,"ax",%progbits
  54              		.align	1
  55              		.global	leddriver_reset
  56              		.syntax unified
  57              		.thumb
  58              		.thumb_func
  60              	leddriver_reset:
  61              	.LVL3:
  62              	.LFB241:
  16:Core/Src/leddriver.c **** 
  17:Core/Src/leddriver.c **** void leddriver_reset(leddriver_handle_t *leddriver_handle)
  18:Core/Src/leddriver.c **** {
  63              		.loc 1 18 1 is_stmt 1 view -0
  64              		.cfi_startproc
  65              		@ args = 0, pretend = 0, frame = 0
  66              		@ frame_needed = 0, uses_anonymous_args = 0
  67              		.loc 1 18 1 is_stmt 0 view .LVU6
  68 0000 08B5     		push	{r3, lr}
  69              	.LCFI1:
  70              		.cfi_def_cfa_offset 8
  71              		.cfi_offset 3, -8
  72              		.cfi_offset 14, -4
  19:Core/Src/leddriver.c ****     HAL_GPIO_WritePin(leddriver_handle->LEDPort, leddriver_handle->LEDPin, GPIO_PIN_SET);
  73              		.loc 1 19 5 is_stmt 1 view .LVU7
  74 0002 0122     		movs	r2, #1
  75 0004 8188     		ldrh	r1, [r0, #4]
  76 0006 0068     		ldr	r0, [r0]
  77              	.LVL4:
  78              		.loc 1 19 5 is_stmt 0 view .LVU8
  79 0008 FFF7FEFF 		bl	HAL_GPIO_WritePin
  80              	.LVL5:
  20:Core/Src/leddriver.c **** }
  81              		.loc 1 20 1 view .LVU9
  82 000c 08BD     		pop	{r3, pc}
  83              		.cfi_endproc
  84              	.LFE241:
  86              		.section	.text.leddriver_init,"ax",%progbits
  87              		.align	1
  88              		.global	leddriver_init
  89              		.syntax unified
  90              		.thumb
  91              		.thumb_func
  93              	leddriver_init:
  94              	.LVL6:
  95              	.LFB239:
   6:Core/Src/leddriver.c ****     leddriver_handle->LEDPort = LEDPort;
  96              		.loc 1 6 1 is_stmt 1 view -0
  97              		.cfi_startproc
  98              		@ args = 0, pretend = 0, frame = 0
ARM GAS  /tmp/ccxqvQyH.s 			page 3


  99              		@ frame_needed = 0, uses_anonymous_args = 0
   6:Core/Src/leddriver.c ****     leddriver_handle->LEDPort = LEDPort;
 100              		.loc 1 6 1 is_stmt 0 view .LVU11
 101 0000 08B5     		push	{r3, lr}
 102              	.LCFI2:
 103              		.cfi_def_cfa_offset 8
 104              		.cfi_offset 3, -8
 105              		.cfi_offset 14, -4
   7:Core/Src/leddriver.c ****     leddriver_handle->LEDPin = LEDPin;
 106              		.loc 1 7 5 is_stmt 1 view .LVU12
   7:Core/Src/leddriver.c ****     leddriver_handle->LEDPin = LEDPin;
 107              		.loc 1 7 31 is_stmt 0 view .LVU13
 108 0002 0160     		str	r1, [r0]
   8:Core/Src/leddriver.c ****     leddriver_reset(leddriver_handle);
 109              		.loc 1 8 5 is_stmt 1 view .LVU14
   8:Core/Src/leddriver.c ****     leddriver_reset(leddriver_handle);
 110              		.loc 1 8 30 is_stmt 0 view .LVU15
 111 0004 8280     		strh	r2, [r0, #4]	@ movhi
   9:Core/Src/leddriver.c **** }
 112              		.loc 1 9 5 is_stmt 1 view .LVU16
 113 0006 FFF7FEFF 		bl	leddriver_reset
 114              	.LVL7:
  10:Core/Src/leddriver.c **** 
 115              		.loc 1 10 1 is_stmt 0 view .LVU17
 116 000a 08BD     		pop	{r3, pc}
 117              		.cfi_endproc
 118              	.LFE239:
 120              		.section	.text.leddriver_toggle,"ax",%progbits
 121              		.align	1
 122              		.global	leddriver_toggle
 123              		.syntax unified
 124              		.thumb
 125              		.thumb_func
 127              	leddriver_toggle:
 128              	.LVL8:
 129              	.LFB242:
  21:Core/Src/leddriver.c **** 
  22:Core/Src/leddriver.c **** void leddriver_toggle(leddriver_handle_t *leddriver_handle)
  23:Core/Src/leddriver.c **** {
 130              		.loc 1 23 1 is_stmt 1 view -0
 131              		.cfi_startproc
 132              		@ args = 0, pretend = 0, frame = 0
 133              		@ frame_needed = 0, uses_anonymous_args = 0
 134              		.loc 1 23 1 is_stmt 0 view .LVU19
 135 0000 08B5     		push	{r3, lr}
 136              	.LCFI3:
 137              		.cfi_def_cfa_offset 8
 138              		.cfi_offset 3, -8
 139              		.cfi_offset 14, -4
  24:Core/Src/leddriver.c ****     HAL_GPIO_TogglePin(leddriver_handle->LEDPort, leddriver_handle->LEDPin);
 140              		.loc 1 24 5 is_stmt 1 view .LVU20
 141 0002 8188     		ldrh	r1, [r0, #4]
 142 0004 0068     		ldr	r0, [r0]
 143              	.LVL9:
 144              		.loc 1 24 5 is_stmt 0 view .LVU21
 145 0006 FFF7FEFF 		bl	HAL_GPIO_TogglePin
 146              	.LVL10:
ARM GAS  /tmp/ccxqvQyH.s 			page 4


  25:Core/Src/leddriver.c **** }
 147              		.loc 1 25 1 view .LVU22
 148 000a 08BD     		pop	{r3, pc}
 149              		.cfi_endproc
 150              	.LFE242:
 152              		.text
 153              	.Letext0:
 154              		.file 2 "/opt/st/stm32cubeclt_1.17.0/GNU-tools-for-STM32/arm-none-eabi/include/machine/_default_ty
 155              		.file 3 "/opt/st/stm32cubeclt_1.17.0/GNU-tools-for-STM32/arm-none-eabi/include/sys/_stdint.h"
 156              		.file 4 "Drivers/CMSIS/Device/ST/STM32F4xx/Include/stm32f405xx.h"
 157              		.file 5 "Drivers/STM32F4xx_HAL_Driver/Inc/stm32f4xx_hal_gpio.h"
 158              		.file 6 "Core/Inc/leddriver.h"
ARM GAS  /tmp/ccxqvQyH.s 			page 5


DEFINED SYMBOLS
                            *ABS*:00000000 leddriver.c
     /tmp/ccxqvQyH.s:21     .text.leddriver_set:00000000 $t
     /tmp/ccxqvQyH.s:27     .text.leddriver_set:00000000 leddriver_set
     /tmp/ccxqvQyH.s:54     .text.leddriver_reset:00000000 $t
     /tmp/ccxqvQyH.s:60     .text.leddriver_reset:00000000 leddriver_reset
     /tmp/ccxqvQyH.s:87     .text.leddriver_init:00000000 $t
     /tmp/ccxqvQyH.s:93     .text.leddriver_init:00000000 leddriver_init
     /tmp/ccxqvQyH.s:121    .text.leddriver_toggle:00000000 $t
     /tmp/ccxqvQyH.s:127    .text.leddriver_toggle:00000000 leddriver_toggle

UNDEFINED SYMBOLS
HAL_GPIO_WritePin
HAL_GPIO_TogglePin
