ARM GAS  /tmp/ccn7KRiS.s 			page 1


   1              		.cpu cortex-m4
   2              		.arch armv7e-m
   3              		.fpu fpv4-sp-d16
   4              		.eabi_attribute 27, 1
   5              		.eabi_attribute 28, 1
   6              		.eabi_attribute 20, 1
   7              		.eabi_attribute 21, 1
   8              		.eabi_attribute 23, 3
   9              		.eabi_attribute 24, 1
  10              		.eabi_attribute 25, 1
  11              		.eabi_attribute 26, 1
  12              		.eabi_attribute 30, 1
  13              		.eabi_attribute 34, 1
  14              		.eabi_attribute 18, 4
  15              		.file	"log.c"
  16              		.text
  17              	.Ltext0:
  18              		.cfi_sections	.debug_frame
  19              		.file 1 "Core/Src/log.c"
  20              		.section	.text.log_init,"ax",%progbits
  21              		.align	1
  22              		.global	log_init
  23              		.syntax unified
  24              		.thumb
  25              		.thumb_func
  27              	log_init:
  28              	.LFB243:
   1:Core/Src/log.c **** #include "stdint.h"
   2:Core/Src/log.c **** #include "stdbool.h"
   3:Core/Src/log.c **** #include "log.h"
   4:Core/Src/log.c **** #include "leddriver.h"
   5:Core/Src/log.c **** #include "cmsis_os.h"
   6:Core/Src/log.c **** #include "stm32f4xx_hal.h"
   7:Core/Src/log.c **** #include "logtypes.h"
   8:Core/Src/log.c **** 
   9:Core/Src/log.c **** 
  10:Core/Src/log.c **** extern osEventFlagsId_t ErrorHandle;
  11:Core/Src/log.c **** extern UART_HandleTypeDef huart1;
  12:Core/Src/log.c **** 
  13:Core/Src/log.c **** /** TODO: I think the LED should be moved to a different module */
  14:Core/Src/log.c **** static log_level_t log_level;
  15:Core/Src/log.c **** 
  16:Core/Src/log.c **** void log_init()
  17:Core/Src/log.c **** {
  29              		.loc 1 17 1 view -0
  30              		.cfi_startproc
  31              		@ args = 0, pretend = 0, frame = 0
  32              		@ frame_needed = 0, uses_anonymous_args = 0
  33              		@ link register save eliminated.
  18:Core/Src/log.c **** }
  34              		.loc 1 18 1 view .LVU1
  35 0000 7047     		bx	lr
  36              		.cfi_endproc
  37              	.LFE243:
  39              		.section	.text.log_event,"ax",%progbits
  40              		.align	1
  41              		.global	log_event
ARM GAS  /tmp/ccn7KRiS.s 			page 2


  42              		.syntax unified
  43              		.thumb
  44              		.thumb_func
  46              	log_event:
  47              	.LFB244:
  19:Core/Src/log.c **** 
  20:Core/Src/log.c **** void log_event()
  21:Core/Src/log.c **** {
  48              		.loc 1 21 1 view -0
  49              		.cfi_startproc
  50              		@ args = 0, pretend = 0, frame = 0
  51              		@ frame_needed = 0, uses_anonymous_args = 0
  52 0000 08B5     		push	{r3, lr}
  53              	.LCFI0:
  54              		.cfi_def_cfa_offset 8
  55              		.cfi_offset 3, -8
  56              		.cfi_offset 14, -4
  22:Core/Src/log.c ****     osEventFlagsSet(ErrorHandle, EVENT_FLAG_DEBUG);
  57              		.loc 1 22 5 view .LVU3
  58 0002 0221     		movs	r1, #2
  59 0004 024B     		ldr	r3, .L4
  60 0006 1868     		ldr	r0, [r3]
  61 0008 FFF7FEFF 		bl	osEventFlagsSet
  62              	.LVL0:
  23:Core/Src/log.c **** }
  63              		.loc 1 23 1 is_stmt 0 view .LVU4
  64 000c 08BD     		pop	{r3, pc}
  65              	.L5:
  66 000e 00BF     		.align	2
  67              	.L4:
  68 0010 00000000 		.word	ErrorHandle
  69              		.cfi_endproc
  70              	.LFE244:
  72              		.section	.text.log_error,"ax",%progbits
  73              		.align	1
  74              		.global	log_error
  75              		.syntax unified
  76              		.thumb
  77              		.thumb_func
  79              	log_error:
  80              	.LFB245:
  24:Core/Src/log.c **** 
  25:Core/Src/log.c **** void log_error()
  26:Core/Src/log.c **** {
  81              		.loc 1 26 1 is_stmt 1 view -0
  82              		.cfi_startproc
  83              		@ args = 0, pretend = 0, frame = 0
  84              		@ frame_needed = 0, uses_anonymous_args = 0
  85 0000 08B5     		push	{r3, lr}
  86              	.LCFI1:
  87              		.cfi_def_cfa_offset 8
  88              		.cfi_offset 3, -8
  89              		.cfi_offset 14, -4
  27:Core/Src/log.c ****     osEventFlagsSet(ErrorHandle, EVENT_FLAG_ERROR);
  90              		.loc 1 27 5 view .LVU6
  91 0002 0121     		movs	r1, #1
  92 0004 024B     		ldr	r3, .L8
ARM GAS  /tmp/ccn7KRiS.s 			page 3


  93 0006 1868     		ldr	r0, [r3]
  94 0008 FFF7FEFF 		bl	osEventFlagsSet
  95              	.LVL1:
  28:Core/Src/log.c **** }
  96              		.loc 1 28 1 is_stmt 0 view .LVU7
  97 000c 08BD     		pop	{r3, pc}
  98              	.L9:
  99 000e 00BF     		.align	2
 100              	.L8:
 101 0010 00000000 		.word	ErrorHandle
 102              		.cfi_endproc
 103              	.LFE245:
 105              		.section	.text.log_set_verbosity,"ax",%progbits
 106              		.align	1
 107              		.global	log_set_verbosity
 108              		.syntax unified
 109              		.thumb
 110              		.thumb_func
 112              	log_set_verbosity:
 113              	.LVL2:
 114              	.LFB246:
  29:Core/Src/log.c **** 
  30:Core/Src/log.c **** void log_set_verbosity(log_level_t desired_log_level)
  31:Core/Src/log.c **** {
 115              		.loc 1 31 1 is_stmt 1 view -0
 116              		.cfi_startproc
 117              		@ args = 0, pretend = 0, frame = 0
 118              		@ frame_needed = 0, uses_anonymous_args = 0
 119              		@ link register save eliminated.
  32:Core/Src/log.c ****     log_level = desired_log_level;
 120              		.loc 1 32 5 view .LVU9
 121              		.loc 1 32 15 is_stmt 0 view .LVU10
 122 0000 014B     		ldr	r3, .L11
 123 0002 1870     		strb	r0, [r3]
  33:Core/Src/log.c **** }
 124              		.loc 1 33 1 view .LVU11
 125 0004 7047     		bx	lr
 126              	.L12:
 127 0006 00BF     		.align	2
 128              	.L11:
 129 0008 00000000 		.word	log_level
 130              		.cfi_endproc
 131              	.LFE246:
 133              		.section	.text.startLogTask,"ax",%progbits
 134              		.align	1
 135              		.global	startLogTask
 136              		.syntax unified
 137              		.thumb
 138              		.thumb_func
 140              	startLogTask:
 141              	.LFB247:
  34:Core/Src/log.c **** 
  35:Core/Src/log.c **** void startLogTask()
  36:Core/Src/log.c **** {
 142              		.loc 1 36 1 is_stmt 1 view -0
 143              		.cfi_startproc
 144              		@ Volatile: function does not return.
ARM GAS  /tmp/ccn7KRiS.s 			page 4


 145              		@ args = 0, pretend = 0, frame = 0
 146              		@ frame_needed = 0, uses_anonymous_args = 0
 147 0000 08B5     		push	{r3, lr}
 148              	.LCFI2:
 149              		.cfi_def_cfa_offset 8
 150              		.cfi_offset 3, -8
 151              		.cfi_offset 14, -4
 152              	.L14:
  37:Core/Src/log.c ****     log_msg_obj_t log_msg_obj;
 153              		.loc 1 37 5 discriminator 1 view .LVU13
  38:Core/Src/log.c ****     for (;;)
 154              		.loc 1 38 5 discriminator 1 view .LVU14
  39:Core/Src/log.c ****     {
  40:Core/Src/log.c ****         /**
  41:Core/Src/log.c ****          * TODO: Look for messages from a queue.
  42:Core/Src/log.c ****          * Wait on Messages from the queue.
  43:Core/Src/log.c ****          * determine message's verbosity, and print to uart sd card as appropriate.
  44:Core/Src/log.c ****          */
  45:Core/Src/log.c **** 
  46:Core/Src/log.c ****         //Look for message on the queues.
  47:Core/Src/log.c ****         // The different levels of messages will be hosted on the same Queue:
  48:Core/Src/log.c ****         /**
  49:Core/Src/log.c ****          * ErrorQueue - Error Messages that require immediate attention no matter verbosity
  50:Core/Src/log.c ****          * InfoQueue - Messages that should be logged in normal operation
  51:Core/Src/log.c ****          * DebugQueue - Messages that should only be logged and written to the console in debug mod
  52:Core/Src/log.c ****          */
  53:Core/Src/log.c ****          //osMessageQueueGet(log_msg_queue, &log_msg_obj, NULL, 0U);
  54:Core/Src/log.c **** 
  55:Core/Src/log.c ****         //Check for the verbosity of the message
  56:Core/Src/log.c ****         osDelay(100);
 155              		.loc 1 56 9 discriminator 1 view .LVU15
 156 0002 6420     		movs	r0, #100
 157 0004 FFF7FEFF 		bl	osDelay
 158              	.LVL3:
  38:Core/Src/log.c ****     for (;;)
 159              		.loc 1 38 5 discriminator 1 view .LVU16
 160 0008 FBE7     		b	.L14
 161              		.cfi_endproc
 162              	.LFE247:
 164              		.section	.bss.log_level,"aw",%nobits
 167              	log_level:
 168 0000 00       		.space	1
 169              		.text
 170              	.Letext0:
 171              		.file 2 "/opt/st/stm32cubeclt_1.17.0/GNU-tools-for-STM32/arm-none-eabi/include/machine/_default_ty
 172              		.file 3 "/opt/st/stm32cubeclt_1.17.0/GNU-tools-for-STM32/arm-none-eabi/include/sys/_stdint.h"
 173              		.file 4 "Core/Inc/log.h"
 174              		.file 5 "Middlewares/Third_Party/FreeRTOS/Source/CMSIS_RTOS_V2/cmsis_os2.h"
 175              		.file 6 "Core/Inc/errors.h"
 176              		.file 7 "Core/Src/logtypes.h"
ARM GAS  /tmp/ccn7KRiS.s 			page 5


DEFINED SYMBOLS
                            *ABS*:00000000 log.c
     /tmp/ccn7KRiS.s:21     .text.log_init:00000000 $t
     /tmp/ccn7KRiS.s:27     .text.log_init:00000000 log_init
     /tmp/ccn7KRiS.s:40     .text.log_event:00000000 $t
     /tmp/ccn7KRiS.s:46     .text.log_event:00000000 log_event
     /tmp/ccn7KRiS.s:68     .text.log_event:00000010 $d
     /tmp/ccn7KRiS.s:73     .text.log_error:00000000 $t
     /tmp/ccn7KRiS.s:79     .text.log_error:00000000 log_error
     /tmp/ccn7KRiS.s:101    .text.log_error:00000010 $d
     /tmp/ccn7KRiS.s:106    .text.log_set_verbosity:00000000 $t
     /tmp/ccn7KRiS.s:112    .text.log_set_verbosity:00000000 log_set_verbosity
     /tmp/ccn7KRiS.s:129    .text.log_set_verbosity:00000008 $d
     /tmp/ccn7KRiS.s:167    .bss.log_level:00000000 log_level
     /tmp/ccn7KRiS.s:134    .text.startLogTask:00000000 $t
     /tmp/ccn7KRiS.s:140    .text.startLogTask:00000000 startLogTask
     /tmp/ccn7KRiS.s:168    .bss.log_level:00000000 $d

UNDEFINED SYMBOLS
osEventFlagsSet
ErrorHandle
osDelay
