ARM GAS  /tmp/ccnbSCJ9.s 			page 1


   1              		.cpu cortex-m4
   2              		.arch armv7e-m
   3              		.fpu fpv4-sp-d16
   4              		.eabi_attribute 27, 1
   5              		.eabi_attribute 28, 1
   6              		.eabi_attribute 20, 1
   7              		.eabi_attribute 21, 1
   8              		.eabi_attribute 23, 3
   9              		.eabi_attribute 24, 1
  10              		.eabi_attribute 25, 1
  11              		.eabi_attribute 26, 1
  12              		.eabi_attribute 30, 6
  13              		.eabi_attribute 34, 1
  14              		.eabi_attribute 18, 4
  15              		.file	"PPM_Cfg.c"
  16              		.text
  17              	.Ltext0:
  18              		.cfi_sections	.debug_frame
  19              		.file 1 "Drivers/BSP/Components/Servo/PPM_Cfg.c"
  20              		.global	htim4
  21              		.section	.rodata.htim4,"a"
  22              		.align	2
  25              	htim4:
  26 0000 00080040 		.word	1073743872
  27 0004 00000000 		.space	68
  27      00000000 
  27      00000000 
  27      00000000 
  27      00000000 
  28              		.global	htim3
  29              		.section	.rodata.htim3,"a"
  30              		.align	2
  33              	htim3:
  34 0000 00040040 		.word	1073742848
  35 0004 00000000 		.space	68
  35      00000000 
  35      00000000 
  35      00000000 
  35      00000000 
  36              		.global	PPM_Channel_0
  37              		.section	.rodata.PPM_Channel_0,"a"
  38              		.align	2
  41              	PPM_Channel_0:
  42 0000 00000000 		.word	htim4
  43 0004 04000000 		.word	4
  44              		.global	PPM_Channel_1
  45              		.section	.rodata.PPM_Channel_1,"a"
  46              		.align	2
  49              	PPM_Channel_1:
  50 0000 00000000 		.word	htim4
  51 0004 00000000 		.word	0
  52              		.global	PPM_Channel_2
  53              		.section	.rodata.PPM_Channel_2,"a"
  54              		.align	2
  57              	PPM_Channel_2:
  58 0000 00000000 		.word	htim3
  59 0004 08000000 		.word	8
ARM GAS  /tmp/ccnbSCJ9.s 			page 2


  60              		.global	PPM_Channel_3
  61              		.section	.rodata.PPM_Channel_3,"a"
  62              		.align	2
  65              	PPM_Channel_3:
  66 0000 00000000 		.word	htim3
  67 0004 0C000000 		.word	12
  68              		.global	PPM_Channels
  69              		.section	.data.PPM_Channels,"aw"
  70              		.align	2
  73              	PPM_Channels:
  74 0000 00000000 		.word	PPM_Channel_0
  75 0004 00000000 		.word	PPM_Channel_1
  76              		.text
  77              	.Letext0:
  78              		.file 2 "/opt/st/stm32cubeclt_1.17.0/GNU-tools-for-STM32/arm-none-eabi/include/machine/_default_ty
  79              		.file 3 "/opt/st/stm32cubeclt_1.17.0/GNU-tools-for-STM32/arm-none-eabi/include/sys/_stdint.h"
  80              		.file 4 "Drivers/CMSIS/Device/ST/STM32F4xx/Include/stm32f405xx.h"
  81              		.file 5 "Drivers/STM32F4xx_HAL_Driver/Inc/stm32f4xx_hal_def.h"
  82              		.file 6 "Drivers/STM32F4xx_HAL_Driver/Inc/stm32f4xx_hal_dma.h"
  83              		.file 7 "Drivers/STM32F4xx_HAL_Driver/Inc/stm32f4xx_hal_tim.h"
  84              		.file 8 "Drivers/BSP/Components/Servo/PPM.h"
  85              		.file 9 "Drivers/BSP/Components/Servo/PPM_Cfg.h"
ARM GAS  /tmp/ccnbSCJ9.s 			page 3


DEFINED SYMBOLS
                            *ABS*:00000000 PPM_Cfg.c
     /tmp/ccnbSCJ9.s:25     .rodata.htim4:00000000 htim4
     /tmp/ccnbSCJ9.s:22     .rodata.htim4:00000000 $d
     /tmp/ccnbSCJ9.s:33     .rodata.htim3:00000000 htim3
     /tmp/ccnbSCJ9.s:30     .rodata.htim3:00000000 $d
     /tmp/ccnbSCJ9.s:41     .rodata.PPM_Channel_0:00000000 PPM_Channel_0
     /tmp/ccnbSCJ9.s:38     .rodata.PPM_Channel_0:00000000 $d
     /tmp/ccnbSCJ9.s:49     .rodata.PPM_Channel_1:00000000 PPM_Channel_1
     /tmp/ccnbSCJ9.s:46     .rodata.PPM_Channel_1:00000000 $d
     /tmp/ccnbSCJ9.s:57     .rodata.PPM_Channel_2:00000000 PPM_Channel_2
     /tmp/ccnbSCJ9.s:54     .rodata.PPM_Channel_2:00000000 $d
     /tmp/ccnbSCJ9.s:65     .rodata.PPM_Channel_3:00000000 PPM_Channel_3
     /tmp/ccnbSCJ9.s:62     .rodata.PPM_Channel_3:00000000 $d
     /tmp/ccnbSCJ9.s:73     .data.PPM_Channels:00000000 PPM_Channels
     /tmp/ccnbSCJ9.s:70     .data.PPM_Channels:00000000 $d

NO UNDEFINED SYMBOLS
