ARM GAS  /tmp/ccDZEiqK.s 			page 1


   1              		.cpu cortex-m4
   2              		.arch armv7e-m
   3              		.fpu fpv4-sp-d16
   4              		.eabi_attribute 27, 1
   5              		.eabi_attribute 28, 1
   6              		.eabi_attribute 20, 1
   7              		.eabi_attribute 21, 1
   8              		.eabi_attribute 23, 3
   9              		.eabi_attribute 24, 1
  10              		.eabi_attribute 25, 1
  11              		.eabi_attribute 26, 1
  12              		.eabi_attribute 30, 6
  13              		.eabi_attribute 34, 1
  14              		.eabi_attribute 18, 4
  15              		.file	"stm32f4xx_it.c"
  16              		.text
  17              	.Ltext0:
  18              		.cfi_sections	.debug_frame
  19              		.file 1 "Core/Src/stm32f4xx_it.c"
  20              		.section	.text.NMI_Handler,"ax",%progbits
  21              		.align	1
  22              		.global	NMI_Handler
  23              		.syntax unified
  24              		.thumb
  25              		.thumb_func
  27              	NMI_Handler:
  28              	.LFB239:
   1:Core/Src/stm32f4xx_it.c **** /* USER CODE BEGIN Header */
   2:Core/Src/stm32f4xx_it.c **** /**
   3:Core/Src/stm32f4xx_it.c ****   ******************************************************************************
   4:Core/Src/stm32f4xx_it.c ****   * @file    stm32f4xx_it.c
   5:Core/Src/stm32f4xx_it.c ****   * @brief   Interrupt Service Routines.
   6:Core/Src/stm32f4xx_it.c ****   ******************************************************************************
   7:Core/Src/stm32f4xx_it.c ****   * @attention
   8:Core/Src/stm32f4xx_it.c ****   *
   9:Core/Src/stm32f4xx_it.c ****   * Copyright (c) 2025 STMicroelectronics.
  10:Core/Src/stm32f4xx_it.c ****   * All rights reserved.
  11:Core/Src/stm32f4xx_it.c ****   *
  12:Core/Src/stm32f4xx_it.c ****   * This software is licensed under terms that can be found in the LICENSE file
  13:Core/Src/stm32f4xx_it.c ****   * in the root directory of this software component.
  14:Core/Src/stm32f4xx_it.c ****   * If no LICENSE file comes with this software, it is provided AS-IS.
  15:Core/Src/stm32f4xx_it.c ****   *
  16:Core/Src/stm32f4xx_it.c ****   ******************************************************************************
  17:Core/Src/stm32f4xx_it.c ****   */
  18:Core/Src/stm32f4xx_it.c **** /* USER CODE END Header */
  19:Core/Src/stm32f4xx_it.c **** 
  20:Core/Src/stm32f4xx_it.c **** /* Includes ------------------------------------------------------------------*/
  21:Core/Src/stm32f4xx_it.c **** #include "main.h"
  22:Core/Src/stm32f4xx_it.c **** #include "stm32f4xx_it.h"
  23:Core/Src/stm32f4xx_it.c **** /* Private includes ----------------------------------------------------------*/
  24:Core/Src/stm32f4xx_it.c **** /* USER CODE BEGIN Includes */
  25:Core/Src/stm32f4xx_it.c **** /* USER CODE END Includes */
  26:Core/Src/stm32f4xx_it.c **** 
  27:Core/Src/stm32f4xx_it.c **** /* Private typedef -----------------------------------------------------------*/
  28:Core/Src/stm32f4xx_it.c **** /* USER CODE BEGIN TD */
  29:Core/Src/stm32f4xx_it.c **** 
  30:Core/Src/stm32f4xx_it.c **** /* USER CODE END TD */
ARM GAS  /tmp/ccDZEiqK.s 			page 2


  31:Core/Src/stm32f4xx_it.c **** 
  32:Core/Src/stm32f4xx_it.c **** /* Private define ------------------------------------------------------------*/
  33:Core/Src/stm32f4xx_it.c **** /* USER CODE BEGIN PD */
  34:Core/Src/stm32f4xx_it.c **** 
  35:Core/Src/stm32f4xx_it.c **** /* USER CODE END PD */
  36:Core/Src/stm32f4xx_it.c **** 
  37:Core/Src/stm32f4xx_it.c **** /* Private macro -------------------------------------------------------------*/
  38:Core/Src/stm32f4xx_it.c **** /* USER CODE BEGIN PM */
  39:Core/Src/stm32f4xx_it.c **** 
  40:Core/Src/stm32f4xx_it.c **** /* USER CODE END PM */
  41:Core/Src/stm32f4xx_it.c **** 
  42:Core/Src/stm32f4xx_it.c **** /* Private variables ---------------------------------------------------------*/
  43:Core/Src/stm32f4xx_it.c **** /* USER CODE BEGIN PV */
  44:Core/Src/stm32f4xx_it.c **** 
  45:Core/Src/stm32f4xx_it.c **** /* USER CODE END PV */
  46:Core/Src/stm32f4xx_it.c **** 
  47:Core/Src/stm32f4xx_it.c **** /* Private function prototypes -----------------------------------------------*/
  48:Core/Src/stm32f4xx_it.c **** /* USER CODE BEGIN PFP */
  49:Core/Src/stm32f4xx_it.c **** 
  50:Core/Src/stm32f4xx_it.c **** /* USER CODE END PFP */
  51:Core/Src/stm32f4xx_it.c **** 
  52:Core/Src/stm32f4xx_it.c **** /* Private user code ---------------------------------------------------------*/
  53:Core/Src/stm32f4xx_it.c **** /* USER CODE BEGIN 0 */
  54:Core/Src/stm32f4xx_it.c **** 
  55:Core/Src/stm32f4xx_it.c **** /* USER CODE END 0 */
  56:Core/Src/stm32f4xx_it.c **** 
  57:Core/Src/stm32f4xx_it.c **** /* External variables --------------------------------------------------------*/
  58:Core/Src/stm32f4xx_it.c **** 
  59:Core/Src/stm32f4xx_it.c **** /* USER CODE BEGIN EV */
  60:Core/Src/stm32f4xx_it.c **** 
  61:Core/Src/stm32f4xx_it.c **** /* USER CODE END EV */
  62:Core/Src/stm32f4xx_it.c **** 
  63:Core/Src/stm32f4xx_it.c **** /******************************************************************************/
  64:Core/Src/stm32f4xx_it.c **** /*           Cortex-M4 Processor Interruption and Exception Handlers          */
  65:Core/Src/stm32f4xx_it.c **** /******************************************************************************/
  66:Core/Src/stm32f4xx_it.c **** /**
  67:Core/Src/stm32f4xx_it.c ****   * @brief This function handles Non maskable interrupt.
  68:Core/Src/stm32f4xx_it.c ****   */
  69:Core/Src/stm32f4xx_it.c **** void NMI_Handler(void)
  70:Core/Src/stm32f4xx_it.c **** {
  29              		.loc 1 70 1
  30              		.cfi_startproc
  31              		@ args = 0, pretend = 0, frame = 0
  32              		@ frame_needed = 1, uses_anonymous_args = 0
  33              		@ link register save eliminated.
  34 0000 80B4     		push	{r7}
  35              	.LCFI0:
  36              		.cfi_def_cfa_offset 4
  37              		.cfi_offset 7, -4
  38 0002 00AF     		add	r7, sp, #0
  39              	.LCFI1:
  40              		.cfi_def_cfa_register 7
  41              	.L2:
  71:Core/Src/stm32f4xx_it.c ****   /* USER CODE BEGIN NonMaskableInt_IRQn 0 */
  72:Core/Src/stm32f4xx_it.c **** 
  73:Core/Src/stm32f4xx_it.c ****   /* USER CODE END NonMaskableInt_IRQn 0 */
  74:Core/Src/stm32f4xx_it.c ****   /* USER CODE BEGIN NonMaskableInt_IRQn 1 */
ARM GAS  /tmp/ccDZEiqK.s 			page 3


  75:Core/Src/stm32f4xx_it.c ****    while (1)
  42              		.loc 1 75 10 discriminator 1
  43 0004 00BF     		nop
  44 0006 FDE7     		b	.L2
  45              		.cfi_endproc
  46              	.LFE239:
  48              		.section	.text.HardFault_Handler,"ax",%progbits
  49              		.align	1
  50              		.global	HardFault_Handler
  51              		.syntax unified
  52              		.thumb
  53              		.thumb_func
  55              	HardFault_Handler:
  56              	.LFB240:
  76:Core/Src/stm32f4xx_it.c ****   {
  77:Core/Src/stm32f4xx_it.c ****   }
  78:Core/Src/stm32f4xx_it.c ****   /* USER CODE END NonMaskableInt_IRQn 1 */
  79:Core/Src/stm32f4xx_it.c **** }
  80:Core/Src/stm32f4xx_it.c **** 
  81:Core/Src/stm32f4xx_it.c **** /**
  82:Core/Src/stm32f4xx_it.c ****   * @brief This function handles Hard fault interrupt.
  83:Core/Src/stm32f4xx_it.c ****   */
  84:Core/Src/stm32f4xx_it.c **** void HardFault_Handler(void)
  85:Core/Src/stm32f4xx_it.c **** {
  57              		.loc 1 85 1
  58              		.cfi_startproc
  59              		@ args = 0, pretend = 0, frame = 0
  60              		@ frame_needed = 1, uses_anonymous_args = 0
  61              		@ link register save eliminated.
  62 0000 80B4     		push	{r7}
  63              	.LCFI2:
  64              		.cfi_def_cfa_offset 4
  65              		.cfi_offset 7, -4
  66 0002 00AF     		add	r7, sp, #0
  67              	.LCFI3:
  68              		.cfi_def_cfa_register 7
  69              	.L4:
  86:Core/Src/stm32f4xx_it.c ****   /* USER CODE BEGIN HardFault_IRQn 0 */
  87:Core/Src/stm32f4xx_it.c **** 
  88:Core/Src/stm32f4xx_it.c ****   /* USER CODE END HardFault_IRQn 0 */
  89:Core/Src/stm32f4xx_it.c ****   while (1)
  70              		.loc 1 89 9 discriminator 1
  71 0004 00BF     		nop
  72 0006 FDE7     		b	.L4
  73              		.cfi_endproc
  74              	.LFE240:
  76              		.section	.text.MemManage_Handler,"ax",%progbits
  77              		.align	1
  78              		.global	MemManage_Handler
  79              		.syntax unified
  80              		.thumb
  81              		.thumb_func
  83              	MemManage_Handler:
  84              	.LFB241:
  90:Core/Src/stm32f4xx_it.c ****   {
  91:Core/Src/stm32f4xx_it.c ****     /* USER CODE BEGIN W1_HardFault_IRQn 0 */
  92:Core/Src/stm32f4xx_it.c ****     /* USER CODE END W1_HardFault_IRQn 0 */
ARM GAS  /tmp/ccDZEiqK.s 			page 4


  93:Core/Src/stm32f4xx_it.c ****   }
  94:Core/Src/stm32f4xx_it.c **** }
  95:Core/Src/stm32f4xx_it.c **** 
  96:Core/Src/stm32f4xx_it.c **** /**
  97:Core/Src/stm32f4xx_it.c ****   * @brief This function handles Memory management fault.
  98:Core/Src/stm32f4xx_it.c ****   */
  99:Core/Src/stm32f4xx_it.c **** void MemManage_Handler(void)
 100:Core/Src/stm32f4xx_it.c **** {
  85              		.loc 1 100 1
  86              		.cfi_startproc
  87              		@ args = 0, pretend = 0, frame = 0
  88              		@ frame_needed = 1, uses_anonymous_args = 0
  89              		@ link register save eliminated.
  90 0000 80B4     		push	{r7}
  91              	.LCFI4:
  92              		.cfi_def_cfa_offset 4
  93              		.cfi_offset 7, -4
  94 0002 00AF     		add	r7, sp, #0
  95              	.LCFI5:
  96              		.cfi_def_cfa_register 7
  97              	.L6:
 101:Core/Src/stm32f4xx_it.c ****   /* USER CODE BEGIN MemoryManagement_IRQn 0 */
 102:Core/Src/stm32f4xx_it.c **** 
 103:Core/Src/stm32f4xx_it.c ****   /* USER CODE END MemoryManagement_IRQn 0 */
 104:Core/Src/stm32f4xx_it.c ****   while (1)
  98              		.loc 1 104 9 discriminator 1
  99 0004 00BF     		nop
 100 0006 FDE7     		b	.L6
 101              		.cfi_endproc
 102              	.LFE241:
 104              		.section	.text.BusFault_Handler,"ax",%progbits
 105              		.align	1
 106              		.global	BusFault_Handler
 107              		.syntax unified
 108              		.thumb
 109              		.thumb_func
 111              	BusFault_Handler:
 112              	.LFB242:
 105:Core/Src/stm32f4xx_it.c ****   {
 106:Core/Src/stm32f4xx_it.c ****     /* USER CODE BEGIN W1_MemoryManagement_IRQn 0 */
 107:Core/Src/stm32f4xx_it.c ****     /* USER CODE END W1_MemoryManagement_IRQn 0 */
 108:Core/Src/stm32f4xx_it.c ****   }
 109:Core/Src/stm32f4xx_it.c **** }
 110:Core/Src/stm32f4xx_it.c **** 
 111:Core/Src/stm32f4xx_it.c **** /**
 112:Core/Src/stm32f4xx_it.c ****   * @brief This function handles Pre-fetch fault, memory access fault.
 113:Core/Src/stm32f4xx_it.c ****   */
 114:Core/Src/stm32f4xx_it.c **** void BusFault_Handler(void)
 115:Core/Src/stm32f4xx_it.c **** {
 113              		.loc 1 115 1
 114              		.cfi_startproc
 115              		@ args = 0, pretend = 0, frame = 0
 116              		@ frame_needed = 1, uses_anonymous_args = 0
 117              		@ link register save eliminated.
 118 0000 80B4     		push	{r7}
 119              	.LCFI6:
 120              		.cfi_def_cfa_offset 4
ARM GAS  /tmp/ccDZEiqK.s 			page 5


 121              		.cfi_offset 7, -4
 122 0002 00AF     		add	r7, sp, #0
 123              	.LCFI7:
 124              		.cfi_def_cfa_register 7
 125              	.L8:
 116:Core/Src/stm32f4xx_it.c ****   /* USER CODE BEGIN BusFault_IRQn 0 */
 117:Core/Src/stm32f4xx_it.c **** 
 118:Core/Src/stm32f4xx_it.c ****   /* USER CODE END BusFault_IRQn 0 */
 119:Core/Src/stm32f4xx_it.c ****   while (1)
 126              		.loc 1 119 9 discriminator 1
 127 0004 00BF     		nop
 128 0006 FDE7     		b	.L8
 129              		.cfi_endproc
 130              	.LFE242:
 132              		.section	.text.UsageFault_Handler,"ax",%progbits
 133              		.align	1
 134              		.global	UsageFault_Handler
 135              		.syntax unified
 136              		.thumb
 137              		.thumb_func
 139              	UsageFault_Handler:
 140              	.LFB243:
 120:Core/Src/stm32f4xx_it.c ****   {
 121:Core/Src/stm32f4xx_it.c ****     /* USER CODE BEGIN W1_BusFault_IRQn 0 */
 122:Core/Src/stm32f4xx_it.c ****     /* USER CODE END W1_BusFault_IRQn 0 */
 123:Core/Src/stm32f4xx_it.c ****   }
 124:Core/Src/stm32f4xx_it.c **** }
 125:Core/Src/stm32f4xx_it.c **** 
 126:Core/Src/stm32f4xx_it.c **** /**
 127:Core/Src/stm32f4xx_it.c ****   * @brief This function handles Undefined instruction or illegal state.
 128:Core/Src/stm32f4xx_it.c ****   */
 129:Core/Src/stm32f4xx_it.c **** void UsageFault_Handler(void)
 130:Core/Src/stm32f4xx_it.c **** {
 141              		.loc 1 130 1
 142              		.cfi_startproc
 143              		@ args = 0, pretend = 0, frame = 0
 144              		@ frame_needed = 1, uses_anonymous_args = 0
 145              		@ link register save eliminated.
 146 0000 80B4     		push	{r7}
 147              	.LCFI8:
 148              		.cfi_def_cfa_offset 4
 149              		.cfi_offset 7, -4
 150 0002 00AF     		add	r7, sp, #0
 151              	.LCFI9:
 152              		.cfi_def_cfa_register 7
 153              	.L10:
 131:Core/Src/stm32f4xx_it.c ****   /* USER CODE BEGIN UsageFault_IRQn 0 */
 132:Core/Src/stm32f4xx_it.c **** 
 133:Core/Src/stm32f4xx_it.c ****   /* USER CODE END UsageFault_IRQn 0 */
 134:Core/Src/stm32f4xx_it.c ****   while (1)
 154              		.loc 1 134 9 discriminator 1
 155 0004 00BF     		nop
 156 0006 FDE7     		b	.L10
 157              		.cfi_endproc
 158              	.LFE243:
 160              		.section	.text.SVC_Handler,"ax",%progbits
 161              		.align	1
ARM GAS  /tmp/ccDZEiqK.s 			page 6


 162              		.global	SVC_Handler
 163              		.syntax unified
 164              		.thumb
 165              		.thumb_func
 167              	SVC_Handler:
 168              	.LFB244:
 135:Core/Src/stm32f4xx_it.c ****   {
 136:Core/Src/stm32f4xx_it.c ****     /* USER CODE BEGIN W1_UsageFault_IRQn 0 */
 137:Core/Src/stm32f4xx_it.c ****     /* USER CODE END W1_UsageFault_IRQn 0 */
 138:Core/Src/stm32f4xx_it.c ****   }
 139:Core/Src/stm32f4xx_it.c **** }
 140:Core/Src/stm32f4xx_it.c **** 
 141:Core/Src/stm32f4xx_it.c **** /**
 142:Core/Src/stm32f4xx_it.c ****   * @brief This function handles System service call via SWI instruction.
 143:Core/Src/stm32f4xx_it.c ****   */
 144:Core/Src/stm32f4xx_it.c **** void SVC_Handler(void)
 145:Core/Src/stm32f4xx_it.c **** {
 169              		.loc 1 145 1
 170              		.cfi_startproc
 171              		@ args = 0, pretend = 0, frame = 0
 172              		@ frame_needed = 1, uses_anonymous_args = 0
 173              		@ link register save eliminated.
 174 0000 80B4     		push	{r7}
 175              	.LCFI10:
 176              		.cfi_def_cfa_offset 4
 177              		.cfi_offset 7, -4
 178 0002 00AF     		add	r7, sp, #0
 179              	.LCFI11:
 180              		.cfi_def_cfa_register 7
 146:Core/Src/stm32f4xx_it.c ****   /* USER CODE BEGIN SVCall_IRQn 0 */
 147:Core/Src/stm32f4xx_it.c **** 
 148:Core/Src/stm32f4xx_it.c ****   /* USER CODE END SVCall_IRQn 0 */
 149:Core/Src/stm32f4xx_it.c ****   /* USER CODE BEGIN SVCall_IRQn 1 */
 150:Core/Src/stm32f4xx_it.c **** 
 151:Core/Src/stm32f4xx_it.c ****   /* USER CODE END SVCall_IRQn 1 */
 152:Core/Src/stm32f4xx_it.c **** }
 181              		.loc 1 152 1
 182 0004 00BF     		nop
 183 0006 BD46     		mov	sp, r7
 184              	.LCFI12:
 185              		.cfi_def_cfa_register 13
 186              		@ sp needed
 187 0008 5DF8047B 		ldr	r7, [sp], #4
 188              	.LCFI13:
 189              		.cfi_restore 7
 190              		.cfi_def_cfa_offset 0
 191 000c 7047     		bx	lr
 192              		.cfi_endproc
 193              	.LFE244:
 195              		.section	.text.DebugMon_Handler,"ax",%progbits
 196              		.align	1
 197              		.global	DebugMon_Handler
 198              		.syntax unified
 199              		.thumb
 200              		.thumb_func
 202              	DebugMon_Handler:
 203              	.LFB245:
ARM GAS  /tmp/ccDZEiqK.s 			page 7


 153:Core/Src/stm32f4xx_it.c **** 
 154:Core/Src/stm32f4xx_it.c **** /**
 155:Core/Src/stm32f4xx_it.c ****   * @brief This function handles Debug monitor.
 156:Core/Src/stm32f4xx_it.c ****   */
 157:Core/Src/stm32f4xx_it.c **** void DebugMon_Handler(void)
 158:Core/Src/stm32f4xx_it.c **** {
 204              		.loc 1 158 1
 205              		.cfi_startproc
 206              		@ args = 0, pretend = 0, frame = 0
 207              		@ frame_needed = 1, uses_anonymous_args = 0
 208              		@ link register save eliminated.
 209 0000 80B4     		push	{r7}
 210              	.LCFI14:
 211              		.cfi_def_cfa_offset 4
 212              		.cfi_offset 7, -4
 213 0002 00AF     		add	r7, sp, #0
 214              	.LCFI15:
 215              		.cfi_def_cfa_register 7
 159:Core/Src/stm32f4xx_it.c ****   /* USER CODE BEGIN DebugMonitor_IRQn 0 */
 160:Core/Src/stm32f4xx_it.c **** 
 161:Core/Src/stm32f4xx_it.c ****   /* USER CODE END DebugMonitor_IRQn 0 */
 162:Core/Src/stm32f4xx_it.c ****   /* USER CODE BEGIN DebugMonitor_IRQn 1 */
 163:Core/Src/stm32f4xx_it.c **** 
 164:Core/Src/stm32f4xx_it.c ****   /* USER CODE END DebugMonitor_IRQn 1 */
 165:Core/Src/stm32f4xx_it.c **** }
 216              		.loc 1 165 1
 217 0004 00BF     		nop
 218 0006 BD46     		mov	sp, r7
 219              	.LCFI16:
 220              		.cfi_def_cfa_register 13
 221              		@ sp needed
 222 0008 5DF8047B 		ldr	r7, [sp], #4
 223              	.LCFI17:
 224              		.cfi_restore 7
 225              		.cfi_def_cfa_offset 0
 226 000c 7047     		bx	lr
 227              		.cfi_endproc
 228              	.LFE245:
 230              		.section	.text.PendSV_Handler,"ax",%progbits
 231              		.align	1
 232              		.global	PendSV_Handler
 233              		.syntax unified
 234              		.thumb
 235              		.thumb_func
 237              	PendSV_Handler:
 238              	.LFB246:
 166:Core/Src/stm32f4xx_it.c **** 
 167:Core/Src/stm32f4xx_it.c **** /**
 168:Core/Src/stm32f4xx_it.c ****   * @brief This function handles Pendable request for system service.
 169:Core/Src/stm32f4xx_it.c ****   */
 170:Core/Src/stm32f4xx_it.c **** void PendSV_Handler(void)
 171:Core/Src/stm32f4xx_it.c **** {
 239              		.loc 1 171 1
 240              		.cfi_startproc
 241              		@ args = 0, pretend = 0, frame = 0
 242              		@ frame_needed = 1, uses_anonymous_args = 0
 243              		@ link register save eliminated.
ARM GAS  /tmp/ccDZEiqK.s 			page 8


 244 0000 80B4     		push	{r7}
 245              	.LCFI18:
 246              		.cfi_def_cfa_offset 4
 247              		.cfi_offset 7, -4
 248 0002 00AF     		add	r7, sp, #0
 249              	.LCFI19:
 250              		.cfi_def_cfa_register 7
 172:Core/Src/stm32f4xx_it.c ****   /* USER CODE BEGIN PendSV_IRQn 0 */
 173:Core/Src/stm32f4xx_it.c **** 
 174:Core/Src/stm32f4xx_it.c ****   /* USER CODE END PendSV_IRQn 0 */
 175:Core/Src/stm32f4xx_it.c ****   /* USER CODE BEGIN PendSV_IRQn 1 */
 176:Core/Src/stm32f4xx_it.c **** 
 177:Core/Src/stm32f4xx_it.c ****   /* USER CODE END PendSV_IRQn 1 */
 178:Core/Src/stm32f4xx_it.c **** }
 251              		.loc 1 178 1
 252 0004 00BF     		nop
 253 0006 BD46     		mov	sp, r7
 254              	.LCFI20:
 255              		.cfi_def_cfa_register 13
 256              		@ sp needed
 257 0008 5DF8047B 		ldr	r7, [sp], #4
 258              	.LCFI21:
 259              		.cfi_restore 7
 260              		.cfi_def_cfa_offset 0
 261 000c 7047     		bx	lr
 262              		.cfi_endproc
 263              	.LFE246:
 265              		.section	.text.SysTick_Handler,"ax",%progbits
 266              		.align	1
 267              		.global	SysTick_Handler
 268              		.syntax unified
 269              		.thumb
 270              		.thumb_func
 272              	SysTick_Handler:
 273              	.LFB247:
 179:Core/Src/stm32f4xx_it.c **** 
 180:Core/Src/stm32f4xx_it.c **** /**
 181:Core/Src/stm32f4xx_it.c ****   * @brief This function handles System tick timer.
 182:Core/Src/stm32f4xx_it.c ****   */
 183:Core/Src/stm32f4xx_it.c **** void SysTick_Handler(void)
 184:Core/Src/stm32f4xx_it.c **** {
 274              		.loc 1 184 1
 275              		.cfi_startproc
 276              		@ args = 0, pretend = 0, frame = 0
 277              		@ frame_needed = 1, uses_anonymous_args = 0
 278 0000 80B5     		push	{r7, lr}
 279              	.LCFI22:
 280              		.cfi_def_cfa_offset 8
 281              		.cfi_offset 7, -8
 282              		.cfi_offset 14, -4
 283 0002 00AF     		add	r7, sp, #0
 284              	.LCFI23:
 285              		.cfi_def_cfa_register 7
 185:Core/Src/stm32f4xx_it.c ****   /* USER CODE BEGIN SysTick_IRQn 0 */
 186:Core/Src/stm32f4xx_it.c **** 
 187:Core/Src/stm32f4xx_it.c ****   /* USER CODE END SysTick_IRQn 0 */
 188:Core/Src/stm32f4xx_it.c ****   HAL_IncTick();
ARM GAS  /tmp/ccDZEiqK.s 			page 9


 286              		.loc 1 188 3
 287 0004 FFF7FEFF 		bl	HAL_IncTick
 189:Core/Src/stm32f4xx_it.c ****   /* USER CODE BEGIN SysTick_IRQn 1 */
 190:Core/Src/stm32f4xx_it.c **** 
 191:Core/Src/stm32f4xx_it.c ****   /* USER CODE END SysTick_IRQn 1 */
 192:Core/Src/stm32f4xx_it.c **** }
 288              		.loc 1 192 1
 289 0008 00BF     		nop
 290 000a 80BD     		pop	{r7, pc}
 291              		.cfi_endproc
 292              	.LFE247:
 294              		.text
 295              	.Letext0:
 296              		.file 2 "Drivers/STM32F4xx_HAL_Driver/Inc/stm32f4xx_hal.h"
ARM GAS  /tmp/ccDZEiqK.s 			page 10


DEFINED SYMBOLS
                            *ABS*:00000000 stm32f4xx_it.c
     /tmp/ccDZEiqK.s:21     .text.NMI_Handler:00000000 $t
     /tmp/ccDZEiqK.s:27     .text.NMI_Handler:00000000 NMI_Handler
     /tmp/ccDZEiqK.s:49     .text.HardFault_Handler:00000000 $t
     /tmp/ccDZEiqK.s:55     .text.HardFault_Handler:00000000 HardFault_Handler
     /tmp/ccDZEiqK.s:77     .text.MemManage_Handler:00000000 $t
     /tmp/ccDZEiqK.s:83     .text.MemManage_Handler:00000000 MemManage_Handler
     /tmp/ccDZEiqK.s:105    .text.BusFault_Handler:00000000 $t
     /tmp/ccDZEiqK.s:111    .text.BusFault_Handler:00000000 BusFault_Handler
     /tmp/ccDZEiqK.s:133    .text.UsageFault_Handler:00000000 $t
     /tmp/ccDZEiqK.s:139    .text.UsageFault_Handler:00000000 UsageFault_Handler
     /tmp/ccDZEiqK.s:161    .text.SVC_Handler:00000000 $t
     /tmp/ccDZEiqK.s:167    .text.SVC_Handler:00000000 SVC_Handler
     /tmp/ccDZEiqK.s:196    .text.DebugMon_Handler:00000000 $t
     /tmp/ccDZEiqK.s:202    .text.DebugMon_Handler:00000000 DebugMon_Handler
     /tmp/ccDZEiqK.s:231    .text.PendSV_Handler:00000000 $t
     /tmp/ccDZEiqK.s:237    .text.PendSV_Handler:00000000 PendSV_Handler
     /tmp/ccDZEiqK.s:266    .text.SysTick_Handler:00000000 $t
     /tmp/ccDZEiqK.s:272    .text.SysTick_Handler:00000000 SysTick_Handler

UNDEFINED SYMBOLS
HAL_IncTick
