ARM GAS  /tmp/cclYiF0U.s 			page 1


   1              		.cpu cortex-m4
   2              		.arch armv7e-m
   3              		.fpu fpv4-sp-d16
   4              		.eabi_attribute 27, 1
   5              		.eabi_attribute 28, 1
   6              		.eabi_attribute 20, 1
   7              		.eabi_attribute 21, 1
   8              		.eabi_attribute 23, 3
   9              		.eabi_attribute 24, 1
  10              		.eabi_attribute 25, 1
  11              		.eabi_attribute 26, 1
  12              		.eabi_attribute 30, 1
  13              		.eabi_attribute 34, 1
  14              		.eabi_attribute 18, 4
  15              		.file	"usart.c"
  16              		.text
  17              	.Ltext0:
  18              		.cfi_sections	.debug_frame
  19              		.file 1 "Core/Src/usart.c"
  20              		.section	.text.MX_UART4_Init,"ax",%progbits
  21              		.align	1
  22              		.global	MX_UART4_Init
  23              		.syntax unified
  24              		.thumb
  25              		.thumb_func
  27              	MX_UART4_Init:
  28              	.LFB239:
   1:Core/Src/usart.c **** /* USER CODE BEGIN Header */
   2:Core/Src/usart.c **** /**
   3:Core/Src/usart.c ****   ******************************************************************************
   4:Core/Src/usart.c ****   * @file    usart.c
   5:Core/Src/usart.c ****   * @brief   This file provides code for the configuration
   6:Core/Src/usart.c ****   *          of the USART instances.
   7:Core/Src/usart.c ****   ******************************************************************************
   8:Core/Src/usart.c ****   * @attention
   9:Core/Src/usart.c ****   *
  10:Core/Src/usart.c ****   * Copyright (c) 2025 STMicroelectronics.
  11:Core/Src/usart.c ****   * All rights reserved.
  12:Core/Src/usart.c ****   *
  13:Core/Src/usart.c ****   * This software is licensed under terms that can be found in the LICENSE file
  14:Core/Src/usart.c ****   * in the root directory of this software component.
  15:Core/Src/usart.c ****   * If no LICENSE file comes with this software, it is provided AS-IS.
  16:Core/Src/usart.c ****   *
  17:Core/Src/usart.c ****   ******************************************************************************
  18:Core/Src/usart.c ****   */
  19:Core/Src/usart.c **** /* USER CODE END Header */
  20:Core/Src/usart.c **** /* Includes ------------------------------------------------------------------*/
  21:Core/Src/usart.c **** #include "usart.h"
  22:Core/Src/usart.c **** 
  23:Core/Src/usart.c **** /* USER CODE BEGIN 0 */
  24:Core/Src/usart.c **** 
  25:Core/Src/usart.c **** /* USER CODE END 0 */
  26:Core/Src/usart.c **** 
  27:Core/Src/usart.c **** UART_HandleTypeDef huart4;
  28:Core/Src/usart.c **** UART_HandleTypeDef huart5;
  29:Core/Src/usart.c **** UART_HandleTypeDef huart1;
  30:Core/Src/usart.c **** UART_HandleTypeDef huart2;
ARM GAS  /tmp/cclYiF0U.s 			page 2


  31:Core/Src/usart.c **** UART_HandleTypeDef huart3;
  32:Core/Src/usart.c **** UART_HandleTypeDef huart6;
  33:Core/Src/usart.c **** 
  34:Core/Src/usart.c **** /* UART4 init function */
  35:Core/Src/usart.c **** void MX_UART4_Init(void)
  36:Core/Src/usart.c **** {
  29              		.loc 1 36 1 view -0
  30              		.cfi_startproc
  31              		@ args = 0, pretend = 0, frame = 0
  32              		@ frame_needed = 0, uses_anonymous_args = 0
  33 0000 08B5     		push	{r3, lr}
  34              	.LCFI0:
  35              		.cfi_def_cfa_offset 8
  36              		.cfi_offset 3, -8
  37              		.cfi_offset 14, -4
  37:Core/Src/usart.c **** 
  38:Core/Src/usart.c ****   /* USER CODE BEGIN UART4_Init 0 */
  39:Core/Src/usart.c **** 
  40:Core/Src/usart.c ****   /* USER CODE END UART4_Init 0 */
  41:Core/Src/usart.c **** 
  42:Core/Src/usart.c ****   /* USER CODE BEGIN UART4_Init 1 */
  43:Core/Src/usart.c **** 
  44:Core/Src/usart.c ****   /* USER CODE END UART4_Init 1 */
  45:Core/Src/usart.c ****   huart4.Instance = UART4;
  38              		.loc 1 45 3 view .LVU1
  39              		.loc 1 45 19 is_stmt 0 view .LVU2
  40 0002 0A48     		ldr	r0, .L5
  41 0004 0A4B     		ldr	r3, .L5+4
  42 0006 0360     		str	r3, [r0]
  46:Core/Src/usart.c ****   huart4.Init.BaudRate = 115200;
  43              		.loc 1 46 3 is_stmt 1 view .LVU3
  44              		.loc 1 46 24 is_stmt 0 view .LVU4
  45 0008 4FF4E133 		mov	r3, #115200
  46 000c 4360     		str	r3, [r0, #4]
  47:Core/Src/usart.c ****   huart4.Init.WordLength = UART_WORDLENGTH_8B;
  47              		.loc 1 47 3 is_stmt 1 view .LVU5
  48              		.loc 1 47 26 is_stmt 0 view .LVU6
  49 000e 0023     		movs	r3, #0
  50 0010 8360     		str	r3, [r0, #8]
  48:Core/Src/usart.c ****   huart4.Init.StopBits = UART_STOPBITS_1;
  51              		.loc 1 48 3 is_stmt 1 view .LVU7
  52              		.loc 1 48 24 is_stmt 0 view .LVU8
  53 0012 C360     		str	r3, [r0, #12]
  49:Core/Src/usart.c ****   huart4.Init.Parity = UART_PARITY_NONE;
  54              		.loc 1 49 3 is_stmt 1 view .LVU9
  55              		.loc 1 49 22 is_stmt 0 view .LVU10
  56 0014 0361     		str	r3, [r0, #16]
  50:Core/Src/usart.c ****   huart4.Init.Mode = UART_MODE_TX_RX;
  57              		.loc 1 50 3 is_stmt 1 view .LVU11
  58              		.loc 1 50 20 is_stmt 0 view .LVU12
  59 0016 0C22     		movs	r2, #12
  60 0018 4261     		str	r2, [r0, #20]
  51:Core/Src/usart.c ****   huart4.Init.HwFlowCtl = UART_HWCONTROL_NONE;
  61              		.loc 1 51 3 is_stmt 1 view .LVU13
  62              		.loc 1 51 25 is_stmt 0 view .LVU14
  63 001a 8361     		str	r3, [r0, #24]
  52:Core/Src/usart.c ****   huart4.Init.OverSampling = UART_OVERSAMPLING_16;
ARM GAS  /tmp/cclYiF0U.s 			page 3


  64              		.loc 1 52 3 is_stmt 1 view .LVU15
  65              		.loc 1 52 28 is_stmt 0 view .LVU16
  66 001c C361     		str	r3, [r0, #28]
  53:Core/Src/usart.c ****   if (HAL_UART_Init(&huart4) != HAL_OK)
  67              		.loc 1 53 3 is_stmt 1 view .LVU17
  68              		.loc 1 53 7 is_stmt 0 view .LVU18
  69 001e FFF7FEFF 		bl	HAL_UART_Init
  70              	.LVL0:
  71              		.loc 1 53 6 view .LVU19
  72 0022 00B9     		cbnz	r0, .L4
  73              	.L1:
  54:Core/Src/usart.c ****   {
  55:Core/Src/usart.c ****     Error_Handler();
  56:Core/Src/usart.c ****   }
  57:Core/Src/usart.c ****   /* USER CODE BEGIN UART4_Init 2 */
  58:Core/Src/usart.c **** 
  59:Core/Src/usart.c ****   /* USER CODE END UART4_Init 2 */
  60:Core/Src/usart.c **** 
  61:Core/Src/usart.c **** }
  74              		.loc 1 61 1 view .LVU20
  75 0024 08BD     		pop	{r3, pc}
  76              	.L4:
  55:Core/Src/usart.c ****   }
  77              		.loc 1 55 5 is_stmt 1 view .LVU21
  78 0026 FFF7FEFF 		bl	Error_Handler
  79              	.LVL1:
  80              		.loc 1 61 1 is_stmt 0 view .LVU22
  81 002a FBE7     		b	.L1
  82              	.L6:
  83              		.align	2
  84              	.L5:
  85 002c 00000000 		.word	huart4
  86 0030 004C0040 		.word	1073761280
  87              		.cfi_endproc
  88              	.LFE239:
  90              		.section	.text.MX_UART5_Init,"ax",%progbits
  91              		.align	1
  92              		.global	MX_UART5_Init
  93              		.syntax unified
  94              		.thumb
  95              		.thumb_func
  97              	MX_UART5_Init:
  98              	.LFB240:
  62:Core/Src/usart.c **** /* UART5 init function */
  63:Core/Src/usart.c **** void MX_UART5_Init(void)
  64:Core/Src/usart.c **** {
  99              		.loc 1 64 1 is_stmt 1 view -0
 100              		.cfi_startproc
 101              		@ args = 0, pretend = 0, frame = 0
 102              		@ frame_needed = 0, uses_anonymous_args = 0
 103 0000 08B5     		push	{r3, lr}
 104              	.LCFI1:
 105              		.cfi_def_cfa_offset 8
 106              		.cfi_offset 3, -8
 107              		.cfi_offset 14, -4
  65:Core/Src/usart.c **** 
  66:Core/Src/usart.c ****   /* USER CODE BEGIN UART5_Init 0 */
ARM GAS  /tmp/cclYiF0U.s 			page 4


  67:Core/Src/usart.c **** 
  68:Core/Src/usart.c ****   /* USER CODE END UART5_Init 0 */
  69:Core/Src/usart.c **** 
  70:Core/Src/usart.c ****   /* USER CODE BEGIN UART5_Init 1 */
  71:Core/Src/usart.c **** 
  72:Core/Src/usart.c ****   /* USER CODE END UART5_Init 1 */
  73:Core/Src/usart.c ****   huart5.Instance = UART5;
 108              		.loc 1 73 3 view .LVU24
 109              		.loc 1 73 19 is_stmt 0 view .LVU25
 110 0002 0A48     		ldr	r0, .L11
 111 0004 0A4B     		ldr	r3, .L11+4
 112 0006 0360     		str	r3, [r0]
  74:Core/Src/usart.c ****   huart5.Init.BaudRate = 57600;
 113              		.loc 1 74 3 is_stmt 1 view .LVU26
 114              		.loc 1 74 24 is_stmt 0 view .LVU27
 115 0008 4FF46143 		mov	r3, #57600
 116 000c 4360     		str	r3, [r0, #4]
  75:Core/Src/usart.c ****   huart5.Init.WordLength = UART_WORDLENGTH_8B;
 117              		.loc 1 75 3 is_stmt 1 view .LVU28
 118              		.loc 1 75 26 is_stmt 0 view .LVU29
 119 000e 0023     		movs	r3, #0
 120 0010 8360     		str	r3, [r0, #8]
  76:Core/Src/usart.c ****   huart5.Init.StopBits = UART_STOPBITS_1;
 121              		.loc 1 76 3 is_stmt 1 view .LVU30
 122              		.loc 1 76 24 is_stmt 0 view .LVU31
 123 0012 C360     		str	r3, [r0, #12]
  77:Core/Src/usart.c ****   huart5.Init.Parity = UART_PARITY_NONE;
 124              		.loc 1 77 3 is_stmt 1 view .LVU32
 125              		.loc 1 77 22 is_stmt 0 view .LVU33
 126 0014 0361     		str	r3, [r0, #16]
  78:Core/Src/usart.c ****   huart5.Init.Mode = UART_MODE_TX_RX;
 127              		.loc 1 78 3 is_stmt 1 view .LVU34
 128              		.loc 1 78 20 is_stmt 0 view .LVU35
 129 0016 0C22     		movs	r2, #12
 130 0018 4261     		str	r2, [r0, #20]
  79:Core/Src/usart.c ****   huart5.Init.HwFlowCtl = UART_HWCONTROL_NONE;
 131              		.loc 1 79 3 is_stmt 1 view .LVU36
 132              		.loc 1 79 25 is_stmt 0 view .LVU37
 133 001a 8361     		str	r3, [r0, #24]
  80:Core/Src/usart.c ****   huart5.Init.OverSampling = UART_OVERSAMPLING_16;
 134              		.loc 1 80 3 is_stmt 1 view .LVU38
 135              		.loc 1 80 28 is_stmt 0 view .LVU39
 136 001c C361     		str	r3, [r0, #28]
  81:Core/Src/usart.c ****   if (HAL_UART_Init(&huart5) != HAL_OK)
 137              		.loc 1 81 3 is_stmt 1 view .LVU40
 138              		.loc 1 81 7 is_stmt 0 view .LVU41
 139 001e FFF7FEFF 		bl	HAL_UART_Init
 140              	.LVL2:
 141              		.loc 1 81 6 view .LVU42
 142 0022 00B9     		cbnz	r0, .L10
 143              	.L7:
  82:Core/Src/usart.c ****   {
  83:Core/Src/usart.c ****     Error_Handler();
  84:Core/Src/usart.c ****   }
  85:Core/Src/usart.c ****   /* USER CODE BEGIN UART5_Init 2 */
  86:Core/Src/usart.c **** 
  87:Core/Src/usart.c ****   /* USER CODE END UART5_Init 2 */
ARM GAS  /tmp/cclYiF0U.s 			page 5


  88:Core/Src/usart.c **** 
  89:Core/Src/usart.c **** }
 144              		.loc 1 89 1 view .LVU43
 145 0024 08BD     		pop	{r3, pc}
 146              	.L10:
  83:Core/Src/usart.c ****   }
 147              		.loc 1 83 5 is_stmt 1 view .LVU44
 148 0026 FFF7FEFF 		bl	Error_Handler
 149              	.LVL3:
 150              		.loc 1 89 1 is_stmt 0 view .LVU45
 151 002a FBE7     		b	.L7
 152              	.L12:
 153              		.align	2
 154              	.L11:
 155 002c 00000000 		.word	huart5
 156 0030 00500040 		.word	1073762304
 157              		.cfi_endproc
 158              	.LFE240:
 160              		.section	.text.MX_USART1_UART_Init,"ax",%progbits
 161              		.align	1
 162              		.global	MX_USART1_UART_Init
 163              		.syntax unified
 164              		.thumb
 165              		.thumb_func
 167              	MX_USART1_UART_Init:
 168              	.LFB241:
  90:Core/Src/usart.c **** /* USART1 init function */
  91:Core/Src/usart.c **** 
  92:Core/Src/usart.c **** void MX_USART1_UART_Init(void)
  93:Core/Src/usart.c **** {
 169              		.loc 1 93 1 is_stmt 1 view -0
 170              		.cfi_startproc
 171              		@ args = 0, pretend = 0, frame = 0
 172              		@ frame_needed = 0, uses_anonymous_args = 0
 173 0000 08B5     		push	{r3, lr}
 174              	.LCFI2:
 175              		.cfi_def_cfa_offset 8
 176              		.cfi_offset 3, -8
 177              		.cfi_offset 14, -4
  94:Core/Src/usart.c **** 
  95:Core/Src/usart.c ****   /* USER CODE BEGIN USART1_Init 0 */
  96:Core/Src/usart.c **** 
  97:Core/Src/usart.c ****   /* USER CODE END USART1_Init 0 */
  98:Core/Src/usart.c **** 
  99:Core/Src/usart.c ****   /* USER CODE BEGIN USART1_Init 1 */
 100:Core/Src/usart.c **** 
 101:Core/Src/usart.c ****   /* USER CODE END USART1_Init 1 */
 102:Core/Src/usart.c ****   huart1.Instance = USART1;
 178              		.loc 1 102 3 view .LVU47
 179              		.loc 1 102 19 is_stmt 0 view .LVU48
 180 0002 0B48     		ldr	r0, .L17
 181 0004 0B4B     		ldr	r3, .L17+4
 182 0006 0360     		str	r3, [r0]
 103:Core/Src/usart.c ****   huart1.Init.BaudRate = 57600;
 183              		.loc 1 103 3 is_stmt 1 view .LVU49
 184              		.loc 1 103 24 is_stmt 0 view .LVU50
 185 0008 4FF46143 		mov	r3, #57600
ARM GAS  /tmp/cclYiF0U.s 			page 6


 186 000c 4360     		str	r3, [r0, #4]
 104:Core/Src/usart.c ****   huart1.Init.WordLength = UART_WORDLENGTH_8B;
 187              		.loc 1 104 3 is_stmt 1 view .LVU51
 188              		.loc 1 104 26 is_stmt 0 view .LVU52
 189 000e 0023     		movs	r3, #0
 190 0010 8360     		str	r3, [r0, #8]
 105:Core/Src/usart.c ****   huart1.Init.StopBits = UART_STOPBITS_1;
 191              		.loc 1 105 3 is_stmt 1 view .LVU53
 192              		.loc 1 105 24 is_stmt 0 view .LVU54
 193 0012 C360     		str	r3, [r0, #12]
 106:Core/Src/usart.c ****   huart1.Init.Parity = UART_PARITY_NONE;
 194              		.loc 1 106 3 is_stmt 1 view .LVU55
 195              		.loc 1 106 22 is_stmt 0 view .LVU56
 196 0014 0361     		str	r3, [r0, #16]
 107:Core/Src/usart.c ****   huart1.Init.Mode = UART_MODE_TX_RX;
 197              		.loc 1 107 3 is_stmt 1 view .LVU57
 198              		.loc 1 107 20 is_stmt 0 view .LVU58
 199 0016 0C22     		movs	r2, #12
 200 0018 4261     		str	r2, [r0, #20]
 108:Core/Src/usart.c ****   huart1.Init.HwFlowCtl = UART_HWCONTROL_NONE;
 201              		.loc 1 108 3 is_stmt 1 view .LVU59
 202              		.loc 1 108 25 is_stmt 0 view .LVU60
 203 001a 8361     		str	r3, [r0, #24]
 109:Core/Src/usart.c ****   huart1.Init.OverSampling = UART_OVERSAMPLING_8;
 204              		.loc 1 109 3 is_stmt 1 view .LVU61
 205              		.loc 1 109 28 is_stmt 0 view .LVU62
 206 001c 4FF40043 		mov	r3, #32768
 207 0020 C361     		str	r3, [r0, #28]
 110:Core/Src/usart.c ****   if (HAL_UART_Init(&huart1) != HAL_OK)
 208              		.loc 1 110 3 is_stmt 1 view .LVU63
 209              		.loc 1 110 7 is_stmt 0 view .LVU64
 210 0022 FFF7FEFF 		bl	HAL_UART_Init
 211              	.LVL4:
 212              		.loc 1 110 6 view .LVU65
 213 0026 00B9     		cbnz	r0, .L16
 214              	.L13:
 111:Core/Src/usart.c ****   {
 112:Core/Src/usart.c ****     Error_Handler();
 113:Core/Src/usart.c ****   }
 114:Core/Src/usart.c ****   /* USER CODE BEGIN USART1_Init 2 */
 115:Core/Src/usart.c **** 
 116:Core/Src/usart.c ****   /* USER CODE END USART1_Init 2 */
 117:Core/Src/usart.c **** 
 118:Core/Src/usart.c **** }
 215              		.loc 1 118 1 view .LVU66
 216 0028 08BD     		pop	{r3, pc}
 217              	.L16:
 112:Core/Src/usart.c ****   }
 218              		.loc 1 112 5 is_stmt 1 view .LVU67
 219 002a FFF7FEFF 		bl	Error_Handler
 220              	.LVL5:
 221              		.loc 1 118 1 is_stmt 0 view .LVU68
 222 002e FBE7     		b	.L13
 223              	.L18:
 224              		.align	2
 225              	.L17:
 226 0030 00000000 		.word	huart1
ARM GAS  /tmp/cclYiF0U.s 			page 7


 227 0034 00100140 		.word	1073811456
 228              		.cfi_endproc
 229              	.LFE241:
 231              		.section	.text.MX_USART2_UART_Init,"ax",%progbits
 232              		.align	1
 233              		.global	MX_USART2_UART_Init
 234              		.syntax unified
 235              		.thumb
 236              		.thumb_func
 238              	MX_USART2_UART_Init:
 239              	.LFB242:
 119:Core/Src/usart.c **** /* USART2 init function */
 120:Core/Src/usart.c **** 
 121:Core/Src/usart.c **** void MX_USART2_UART_Init(void)
 122:Core/Src/usart.c **** {
 240              		.loc 1 122 1 is_stmt 1 view -0
 241              		.cfi_startproc
 242              		@ args = 0, pretend = 0, frame = 0
 243              		@ frame_needed = 0, uses_anonymous_args = 0
 244 0000 08B5     		push	{r3, lr}
 245              	.LCFI3:
 246              		.cfi_def_cfa_offset 8
 247              		.cfi_offset 3, -8
 248              		.cfi_offset 14, -4
 123:Core/Src/usart.c **** 
 124:Core/Src/usart.c ****   /* USER CODE BEGIN USART2_Init 0 */
 125:Core/Src/usart.c **** 
 126:Core/Src/usart.c ****   /* USER CODE END USART2_Init 0 */
 127:Core/Src/usart.c **** 
 128:Core/Src/usart.c ****   /* USER CODE BEGIN USART2_Init 1 */
 129:Core/Src/usart.c **** 
 130:Core/Src/usart.c ****   /* USER CODE END USART2_Init 1 */
 131:Core/Src/usart.c ****   huart2.Instance = USART2;
 249              		.loc 1 131 3 view .LVU70
 250              		.loc 1 131 19 is_stmt 0 view .LVU71
 251 0002 0A48     		ldr	r0, .L23
 252 0004 0A4B     		ldr	r3, .L23+4
 253 0006 0360     		str	r3, [r0]
 132:Core/Src/usart.c ****   huart2.Init.BaudRate = 115200;
 254              		.loc 1 132 3 is_stmt 1 view .LVU72
 255              		.loc 1 132 24 is_stmt 0 view .LVU73
 256 0008 4FF4E133 		mov	r3, #115200
 257 000c 4360     		str	r3, [r0, #4]
 133:Core/Src/usart.c ****   huart2.Init.WordLength = UART_WORDLENGTH_8B;
 258              		.loc 1 133 3 is_stmt 1 view .LVU74
 259              		.loc 1 133 26 is_stmt 0 view .LVU75
 260 000e 0023     		movs	r3, #0
 261 0010 8360     		str	r3, [r0, #8]
 134:Core/Src/usart.c ****   huart2.Init.StopBits = UART_STOPBITS_1;
 262              		.loc 1 134 3 is_stmt 1 view .LVU76
 263              		.loc 1 134 24 is_stmt 0 view .LVU77
 264 0012 C360     		str	r3, [r0, #12]
 135:Core/Src/usart.c ****   huart2.Init.Parity = UART_PARITY_NONE;
 265              		.loc 1 135 3 is_stmt 1 view .LVU78
 266              		.loc 1 135 22 is_stmt 0 view .LVU79
 267 0014 0361     		str	r3, [r0, #16]
 136:Core/Src/usart.c ****   huart2.Init.Mode = UART_MODE_TX_RX;
ARM GAS  /tmp/cclYiF0U.s 			page 8


 268              		.loc 1 136 3 is_stmt 1 view .LVU80
 269              		.loc 1 136 20 is_stmt 0 view .LVU81
 270 0016 0C22     		movs	r2, #12
 271 0018 4261     		str	r2, [r0, #20]
 137:Core/Src/usart.c ****   huart2.Init.HwFlowCtl = UART_HWCONTROL_NONE;
 272              		.loc 1 137 3 is_stmt 1 view .LVU82
 273              		.loc 1 137 25 is_stmt 0 view .LVU83
 274 001a 8361     		str	r3, [r0, #24]
 138:Core/Src/usart.c ****   huart2.Init.OverSampling = UART_OVERSAMPLING_16;
 275              		.loc 1 138 3 is_stmt 1 view .LVU84
 276              		.loc 1 138 28 is_stmt 0 view .LVU85
 277 001c C361     		str	r3, [r0, #28]
 139:Core/Src/usart.c ****   if (HAL_UART_Init(&huart2) != HAL_OK)
 278              		.loc 1 139 3 is_stmt 1 view .LVU86
 279              		.loc 1 139 7 is_stmt 0 view .LVU87
 280 001e FFF7FEFF 		bl	HAL_UART_Init
 281              	.LVL6:
 282              		.loc 1 139 6 view .LVU88
 283 0022 00B9     		cbnz	r0, .L22
 284              	.L19:
 140:Core/Src/usart.c ****   {
 141:Core/Src/usart.c ****     Error_Handler();
 142:Core/Src/usart.c ****   }
 143:Core/Src/usart.c ****   /* USER CODE BEGIN USART2_Init 2 */
 144:Core/Src/usart.c **** 
 145:Core/Src/usart.c ****   /* USER CODE END USART2_Init 2 */
 146:Core/Src/usart.c **** 
 147:Core/Src/usart.c **** }
 285              		.loc 1 147 1 view .LVU89
 286 0024 08BD     		pop	{r3, pc}
 287              	.L22:
 141:Core/Src/usart.c ****   }
 288              		.loc 1 141 5 is_stmt 1 view .LVU90
 289 0026 FFF7FEFF 		bl	Error_Handler
 290              	.LVL7:
 291              		.loc 1 147 1 is_stmt 0 view .LVU91
 292 002a FBE7     		b	.L19
 293              	.L24:
 294              		.align	2
 295              	.L23:
 296 002c 00000000 		.word	huart2
 297 0030 00440040 		.word	1073759232
 298              		.cfi_endproc
 299              	.LFE242:
 301              		.section	.text.MX_USART3_UART_Init,"ax",%progbits
 302              		.align	1
 303              		.global	MX_USART3_UART_Init
 304              		.syntax unified
 305              		.thumb
 306              		.thumb_func
 308              	MX_USART3_UART_Init:
 309              	.LFB243:
 148:Core/Src/usart.c **** /* USART3 init function */
 149:Core/Src/usart.c **** 
 150:Core/Src/usart.c **** void MX_USART3_UART_Init(void)
 151:Core/Src/usart.c **** {
 310              		.loc 1 151 1 is_stmt 1 view -0
ARM GAS  /tmp/cclYiF0U.s 			page 9


 311              		.cfi_startproc
 312              		@ args = 0, pretend = 0, frame = 0
 313              		@ frame_needed = 0, uses_anonymous_args = 0
 314 0000 08B5     		push	{r3, lr}
 315              	.LCFI4:
 316              		.cfi_def_cfa_offset 8
 317              		.cfi_offset 3, -8
 318              		.cfi_offset 14, -4
 152:Core/Src/usart.c **** 
 153:Core/Src/usart.c ****   /* USER CODE BEGIN USART3_Init 0 */
 154:Core/Src/usart.c **** 
 155:Core/Src/usart.c ****   /* USER CODE END USART3_Init 0 */
 156:Core/Src/usart.c **** 
 157:Core/Src/usart.c ****   /* USER CODE BEGIN USART3_Init 1 */
 158:Core/Src/usart.c **** 
 159:Core/Src/usart.c ****   /* USER CODE END USART3_Init 1 */
 160:Core/Src/usart.c ****   huart3.Instance = USART3;
 319              		.loc 1 160 3 view .LVU93
 320              		.loc 1 160 19 is_stmt 0 view .LVU94
 321 0002 0A48     		ldr	r0, .L29
 322 0004 0A4B     		ldr	r3, .L29+4
 323 0006 0360     		str	r3, [r0]
 161:Core/Src/usart.c ****   huart3.Init.BaudRate = 115200;
 324              		.loc 1 161 3 is_stmt 1 view .LVU95
 325              		.loc 1 161 24 is_stmt 0 view .LVU96
 326 0008 4FF4E133 		mov	r3, #115200
 327 000c 4360     		str	r3, [r0, #4]
 162:Core/Src/usart.c ****   huart3.Init.WordLength = UART_WORDLENGTH_8B;
 328              		.loc 1 162 3 is_stmt 1 view .LVU97
 329              		.loc 1 162 26 is_stmt 0 view .LVU98
 330 000e 0023     		movs	r3, #0
 331 0010 8360     		str	r3, [r0, #8]
 163:Core/Src/usart.c ****   huart3.Init.StopBits = UART_STOPBITS_1;
 332              		.loc 1 163 3 is_stmt 1 view .LVU99
 333              		.loc 1 163 24 is_stmt 0 view .LVU100
 334 0012 C360     		str	r3, [r0, #12]
 164:Core/Src/usart.c ****   huart3.Init.Parity = UART_PARITY_NONE;
 335              		.loc 1 164 3 is_stmt 1 view .LVU101
 336              		.loc 1 164 22 is_stmt 0 view .LVU102
 337 0014 0361     		str	r3, [r0, #16]
 165:Core/Src/usart.c ****   huart3.Init.Mode = UART_MODE_TX_RX;
 338              		.loc 1 165 3 is_stmt 1 view .LVU103
 339              		.loc 1 165 20 is_stmt 0 view .LVU104
 340 0016 0C22     		movs	r2, #12
 341 0018 4261     		str	r2, [r0, #20]
 166:Core/Src/usart.c ****   huart3.Init.HwFlowCtl = UART_HWCONTROL_NONE;
 342              		.loc 1 166 3 is_stmt 1 view .LVU105
 343              		.loc 1 166 25 is_stmt 0 view .LVU106
 344 001a 8361     		str	r3, [r0, #24]
 167:Core/Src/usart.c ****   huart3.Init.OverSampling = UART_OVERSAMPLING_16;
 345              		.loc 1 167 3 is_stmt 1 view .LVU107
 346              		.loc 1 167 28 is_stmt 0 view .LVU108
 347 001c C361     		str	r3, [r0, #28]
 168:Core/Src/usart.c ****   if (HAL_UART_Init(&huart3) != HAL_OK)
 348              		.loc 1 168 3 is_stmt 1 view .LVU109
 349              		.loc 1 168 7 is_stmt 0 view .LVU110
 350 001e FFF7FEFF 		bl	HAL_UART_Init
ARM GAS  /tmp/cclYiF0U.s 			page 10


 351              	.LVL8:
 352              		.loc 1 168 6 view .LVU111
 353 0022 00B9     		cbnz	r0, .L28
 354              	.L25:
 169:Core/Src/usart.c ****   {
 170:Core/Src/usart.c ****     Error_Handler();
 171:Core/Src/usart.c ****   }
 172:Core/Src/usart.c ****   /* USER CODE BEGIN USART3_Init 2 */
 173:Core/Src/usart.c **** 
 174:Core/Src/usart.c ****   /* USER CODE END USART3_Init 2 */
 175:Core/Src/usart.c **** 
 176:Core/Src/usart.c **** }
 355              		.loc 1 176 1 view .LVU112
 356 0024 08BD     		pop	{r3, pc}
 357              	.L28:
 170:Core/Src/usart.c ****   }
 358              		.loc 1 170 5 is_stmt 1 view .LVU113
 359 0026 FFF7FEFF 		bl	Error_Handler
 360              	.LVL9:
 361              		.loc 1 176 1 is_stmt 0 view .LVU114
 362 002a FBE7     		b	.L25
 363              	.L30:
 364              		.align	2
 365              	.L29:
 366 002c 00000000 		.word	huart3
 367 0030 00480040 		.word	1073760256
 368              		.cfi_endproc
 369              	.LFE243:
 371              		.section	.text.MX_USART6_UART_Init,"ax",%progbits
 372              		.align	1
 373              		.global	MX_USART6_UART_Init
 374              		.syntax unified
 375              		.thumb
 376              		.thumb_func
 378              	MX_USART6_UART_Init:
 379              	.LFB244:
 177:Core/Src/usart.c **** /* USART6 init function */
 178:Core/Src/usart.c **** 
 179:Core/Src/usart.c **** void MX_USART6_UART_Init(void)
 180:Core/Src/usart.c **** {
 380              		.loc 1 180 1 is_stmt 1 view -0
 381              		.cfi_startproc
 382              		@ args = 0, pretend = 0, frame = 0
 383              		@ frame_needed = 0, uses_anonymous_args = 0
 384 0000 08B5     		push	{r3, lr}
 385              	.LCFI5:
 386              		.cfi_def_cfa_offset 8
 387              		.cfi_offset 3, -8
 388              		.cfi_offset 14, -4
 181:Core/Src/usart.c **** 
 182:Core/Src/usart.c ****   /* USER CODE BEGIN USART6_Init 0 */
 183:Core/Src/usart.c **** 
 184:Core/Src/usart.c ****   /* USER CODE END USART6_Init 0 */
 185:Core/Src/usart.c **** 
 186:Core/Src/usart.c ****   /* USER CODE BEGIN USART6_Init 1 */
 187:Core/Src/usart.c **** 
 188:Core/Src/usart.c ****   /* USER CODE END USART6_Init 1 */
ARM GAS  /tmp/cclYiF0U.s 			page 11


 189:Core/Src/usart.c ****   huart6.Instance = USART6;
 389              		.loc 1 189 3 view .LVU116
 390              		.loc 1 189 19 is_stmt 0 view .LVU117
 391 0002 0A48     		ldr	r0, .L35
 392 0004 0A4B     		ldr	r3, .L35+4
 393 0006 0360     		str	r3, [r0]
 190:Core/Src/usart.c ****   huart6.Init.BaudRate = 115200;
 394              		.loc 1 190 3 is_stmt 1 view .LVU118
 395              		.loc 1 190 24 is_stmt 0 view .LVU119
 396 0008 4FF4E133 		mov	r3, #115200
 397 000c 4360     		str	r3, [r0, #4]
 191:Core/Src/usart.c ****   huart6.Init.WordLength = UART_WORDLENGTH_8B;
 398              		.loc 1 191 3 is_stmt 1 view .LVU120
 399              		.loc 1 191 26 is_stmt 0 view .LVU121
 400 000e 0023     		movs	r3, #0
 401 0010 8360     		str	r3, [r0, #8]
 192:Core/Src/usart.c ****   huart6.Init.StopBits = UART_STOPBITS_1;
 402              		.loc 1 192 3 is_stmt 1 view .LVU122
 403              		.loc 1 192 24 is_stmt 0 view .LVU123
 404 0012 C360     		str	r3, [r0, #12]
 193:Core/Src/usart.c ****   huart6.Init.Parity = UART_PARITY_NONE;
 405              		.loc 1 193 3 is_stmt 1 view .LVU124
 406              		.loc 1 193 22 is_stmt 0 view .LVU125
 407 0014 0361     		str	r3, [r0, #16]
 194:Core/Src/usart.c ****   huart6.Init.Mode = UART_MODE_TX_RX;
 408              		.loc 1 194 3 is_stmt 1 view .LVU126
 409              		.loc 1 194 20 is_stmt 0 view .LVU127
 410 0016 0C22     		movs	r2, #12
 411 0018 4261     		str	r2, [r0, #20]
 195:Core/Src/usart.c ****   huart6.Init.HwFlowCtl = UART_HWCONTROL_NONE;
 412              		.loc 1 195 3 is_stmt 1 view .LVU128
 413              		.loc 1 195 25 is_stmt 0 view .LVU129
 414 001a 8361     		str	r3, [r0, #24]
 196:Core/Src/usart.c ****   huart6.Init.OverSampling = UART_OVERSAMPLING_16;
 415              		.loc 1 196 3 is_stmt 1 view .LVU130
 416              		.loc 1 196 28 is_stmt 0 view .LVU131
 417 001c C361     		str	r3, [r0, #28]
 197:Core/Src/usart.c ****   if (HAL_UART_Init(&huart6) != HAL_OK)
 418              		.loc 1 197 3 is_stmt 1 view .LVU132
 419              		.loc 1 197 7 is_stmt 0 view .LVU133
 420 001e FFF7FEFF 		bl	HAL_UART_Init
 421              	.LVL10:
 422              		.loc 1 197 6 view .LVU134
 423 0022 00B9     		cbnz	r0, .L34
 424              	.L31:
 198:Core/Src/usart.c ****   {
 199:Core/Src/usart.c ****     Error_Handler();
 200:Core/Src/usart.c ****   }
 201:Core/Src/usart.c ****   /* USER CODE BEGIN USART6_Init 2 */
 202:Core/Src/usart.c **** 
 203:Core/Src/usart.c ****   /* USER CODE END USART6_Init 2 */
 204:Core/Src/usart.c **** 
 205:Core/Src/usart.c **** }
 425              		.loc 1 205 1 view .LVU135
 426 0024 08BD     		pop	{r3, pc}
 427              	.L34:
 199:Core/Src/usart.c ****   }
ARM GAS  /tmp/cclYiF0U.s 			page 12


 428              		.loc 1 199 5 is_stmt 1 view .LVU136
 429 0026 FFF7FEFF 		bl	Error_Handler
 430              	.LVL11:
 431              		.loc 1 205 1 is_stmt 0 view .LVU137
 432 002a FBE7     		b	.L31
 433              	.L36:
 434              		.align	2
 435              	.L35:
 436 002c 00000000 		.word	huart6
 437 0030 00140140 		.word	1073812480
 438              		.cfi_endproc
 439              	.LFE244:
 441              		.section	.text.HAL_UART_MspInit,"ax",%progbits
 442              		.align	1
 443              		.global	HAL_UART_MspInit
 444              		.syntax unified
 445              		.thumb
 446              		.thumb_func
 448              	HAL_UART_MspInit:
 449              	.LVL12:
 450              	.LFB245:
 206:Core/Src/usart.c **** 
 207:Core/Src/usart.c **** void HAL_UART_MspInit(UART_HandleTypeDef* uartHandle)
 208:Core/Src/usart.c **** {
 451              		.loc 1 208 1 is_stmt 1 view -0
 452              		.cfi_startproc
 453              		@ args = 0, pretend = 0, frame = 72
 454              		@ frame_needed = 0, uses_anonymous_args = 0
 455              		.loc 1 208 1 is_stmt 0 view .LVU139
 456 0000 F0B5     		push	{r4, r5, r6, r7, lr}
 457              	.LCFI6:
 458              		.cfi_def_cfa_offset 20
 459              		.cfi_offset 4, -20
 460              		.cfi_offset 5, -16
 461              		.cfi_offset 6, -12
 462              		.cfi_offset 7, -8
 463              		.cfi_offset 14, -4
 464 0002 93B0     		sub	sp, sp, #76
 465              	.LCFI7:
 466              		.cfi_def_cfa_offset 96
 209:Core/Src/usart.c **** 
 210:Core/Src/usart.c ****   GPIO_InitTypeDef GPIO_InitStruct = {0};
 467              		.loc 1 210 3 is_stmt 1 view .LVU140
 468              		.loc 1 210 20 is_stmt 0 view .LVU141
 469 0004 0023     		movs	r3, #0
 470 0006 0D93     		str	r3, [sp, #52]
 471 0008 0E93     		str	r3, [sp, #56]
 472 000a 0F93     		str	r3, [sp, #60]
 473 000c 1093     		str	r3, [sp, #64]
 474 000e 1193     		str	r3, [sp, #68]
 211:Core/Src/usart.c ****   if(uartHandle->Instance==UART4)
 475              		.loc 1 211 3 is_stmt 1 view .LVU142
 476              		.loc 1 211 16 is_stmt 0 view .LVU143
 477 0010 0368     		ldr	r3, [r0]
 478              		.loc 1 211 5 view .LVU144
 479 0012 834A     		ldr	r2, .L51
 480 0014 9342     		cmp	r3, r2
ARM GAS  /tmp/cclYiF0U.s 			page 13


 481 0016 13D0     		beq	.L45
 212:Core/Src/usart.c ****   {
 213:Core/Src/usart.c ****   /* USER CODE BEGIN UART4_MspInit 0 */
 214:Core/Src/usart.c **** 
 215:Core/Src/usart.c ****   /* USER CODE END UART4_MspInit 0 */
 216:Core/Src/usart.c ****     /* UART4 clock enable */
 217:Core/Src/usart.c ****     __HAL_RCC_UART4_CLK_ENABLE();
 218:Core/Src/usart.c **** 
 219:Core/Src/usart.c ****     __HAL_RCC_GPIOA_CLK_ENABLE();
 220:Core/Src/usart.c ****     /**UART4 GPIO Configuration
 221:Core/Src/usart.c ****     PA0-WKUP     ------> UART4_TX
 222:Core/Src/usart.c ****     PA1     ------> UART4_RX
 223:Core/Src/usart.c ****     */
 224:Core/Src/usart.c ****     GPIO_InitStruct.Pin = GPIO_PIN_0|GPIO_PIN_1;
 225:Core/Src/usart.c ****     GPIO_InitStruct.Mode = GPIO_MODE_AF_PP;
 226:Core/Src/usart.c ****     GPIO_InitStruct.Pull = GPIO_NOPULL;
 227:Core/Src/usart.c ****     GPIO_InitStruct.Speed = GPIO_SPEED_FREQ_VERY_HIGH;
 228:Core/Src/usart.c ****     GPIO_InitStruct.Alternate = GPIO_AF8_UART4;
 229:Core/Src/usart.c ****     HAL_GPIO_Init(GPIOA, &GPIO_InitStruct);
 230:Core/Src/usart.c **** 
 231:Core/Src/usart.c ****   /* USER CODE BEGIN UART4_MspInit 1 */
 232:Core/Src/usart.c **** 
 233:Core/Src/usart.c ****   /* USER CODE END UART4_MspInit 1 */
 234:Core/Src/usart.c ****   }
 235:Core/Src/usart.c ****   else if(uartHandle->Instance==UART5)
 482              		.loc 1 235 8 is_stmt 1 view .LVU145
 483              		.loc 1 235 10 is_stmt 0 view .LVU146
 484 0018 824A     		ldr	r2, .L51+4
 485 001a 9342     		cmp	r3, r2
 486 001c 32D0     		beq	.L46
 236:Core/Src/usart.c ****   {
 237:Core/Src/usart.c ****   /* USER CODE BEGIN UART5_MspInit 0 */
 238:Core/Src/usart.c **** 
 239:Core/Src/usart.c ****   /* USER CODE END UART5_MspInit 0 */
 240:Core/Src/usart.c ****     /* UART5 clock enable */
 241:Core/Src/usart.c ****     __HAL_RCC_UART5_CLK_ENABLE();
 242:Core/Src/usart.c **** 
 243:Core/Src/usart.c ****     __HAL_RCC_GPIOC_CLK_ENABLE();
 244:Core/Src/usart.c ****     __HAL_RCC_GPIOD_CLK_ENABLE();
 245:Core/Src/usart.c ****     /**UART5 GPIO Configuration
 246:Core/Src/usart.c ****     PC12     ------> UART5_TX
 247:Core/Src/usart.c ****     PD2     ------> UART5_RX
 248:Core/Src/usart.c ****     */
 249:Core/Src/usart.c ****     GPIO_InitStruct.Pin = GPIO_PIN_12;
 250:Core/Src/usart.c ****     GPIO_InitStruct.Mode = GPIO_MODE_AF_PP;
 251:Core/Src/usart.c ****     GPIO_InitStruct.Pull = GPIO_NOPULL;
 252:Core/Src/usart.c ****     GPIO_InitStruct.Speed = GPIO_SPEED_FREQ_VERY_HIGH;
 253:Core/Src/usart.c ****     GPIO_InitStruct.Alternate = GPIO_AF8_UART5;
 254:Core/Src/usart.c ****     HAL_GPIO_Init(GPIOC, &GPIO_InitStruct);
 255:Core/Src/usart.c **** 
 256:Core/Src/usart.c ****     GPIO_InitStruct.Pin = GPIO_PIN_2;
 257:Core/Src/usart.c ****     GPIO_InitStruct.Mode = GPIO_MODE_AF_PP;
 258:Core/Src/usart.c ****     GPIO_InitStruct.Pull = GPIO_NOPULL;
 259:Core/Src/usart.c ****     GPIO_InitStruct.Speed = GPIO_SPEED_FREQ_VERY_HIGH;
 260:Core/Src/usart.c ****     GPIO_InitStruct.Alternate = GPIO_AF8_UART5;
 261:Core/Src/usart.c ****     HAL_GPIO_Init(GPIOD, &GPIO_InitStruct);
 262:Core/Src/usart.c **** 
ARM GAS  /tmp/cclYiF0U.s 			page 14


 263:Core/Src/usart.c ****   /* USER CODE BEGIN UART5_MspInit 1 */
 264:Core/Src/usart.c **** 
 265:Core/Src/usart.c ****   /* USER CODE END UART5_MspInit 1 */
 266:Core/Src/usart.c ****   }
 267:Core/Src/usart.c ****   else if(uartHandle->Instance==USART1)
 487              		.loc 1 267 8 is_stmt 1 view .LVU147
 488              		.loc 1 267 10 is_stmt 0 view .LVU148
 489 001e 824A     		ldr	r2, .L51+8
 490 0020 9342     		cmp	r3, r2
 491 0022 67D0     		beq	.L47
 268:Core/Src/usart.c ****   {
 269:Core/Src/usart.c ****   /* USER CODE BEGIN USART1_MspInit 0 */
 270:Core/Src/usart.c **** 
 271:Core/Src/usart.c ****   /* USER CODE END USART1_MspInit 0 */
 272:Core/Src/usart.c ****     /* USART1 clock enable */
 273:Core/Src/usart.c ****     __HAL_RCC_USART1_CLK_ENABLE();
 274:Core/Src/usart.c **** 
 275:Core/Src/usart.c ****     __HAL_RCC_GPIOA_CLK_ENABLE();
 276:Core/Src/usart.c ****     /**USART1 GPIO Configuration
 277:Core/Src/usart.c ****     PA9     ------> USART1_TX
 278:Core/Src/usart.c ****     PA10     ------> USART1_RX
 279:Core/Src/usart.c ****     */
 280:Core/Src/usart.c ****     GPIO_InitStruct.Pin = GPIO_PIN_9|GPIO_PIN_10;
 281:Core/Src/usart.c ****     GPIO_InitStruct.Mode = GPIO_MODE_AF_PP;
 282:Core/Src/usart.c ****     GPIO_InitStruct.Pull = GPIO_NOPULL;
 283:Core/Src/usart.c ****     GPIO_InitStruct.Speed = GPIO_SPEED_FREQ_VERY_HIGH;
 284:Core/Src/usart.c ****     GPIO_InitStruct.Alternate = GPIO_AF7_USART1;
 285:Core/Src/usart.c ****     HAL_GPIO_Init(GPIOA, &GPIO_InitStruct);
 286:Core/Src/usart.c **** 
 287:Core/Src/usart.c ****     /* USART1 interrupt Init */
 288:Core/Src/usart.c ****     HAL_NVIC_SetPriority(USART1_IRQn, 5, 0);
 289:Core/Src/usart.c ****     HAL_NVIC_EnableIRQ(USART1_IRQn);
 290:Core/Src/usart.c ****   /* USER CODE BEGIN USART1_MspInit 1 */
 291:Core/Src/usart.c **** 
 292:Core/Src/usart.c ****   /* USER CODE END USART1_MspInit 1 */
 293:Core/Src/usart.c ****   }
 294:Core/Src/usart.c ****   else if(uartHandle->Instance==USART2)
 492              		.loc 1 294 8 is_stmt 1 view .LVU149
 493              		.loc 1 294 10 is_stmt 0 view .LVU150
 494 0024 814A     		ldr	r2, .L51+12
 495 0026 9342     		cmp	r3, r2
 496 0028 00F09080 		beq	.L48
 295:Core/Src/usart.c ****   {
 296:Core/Src/usart.c ****   /* USER CODE BEGIN USART2_MspInit 0 */
 297:Core/Src/usart.c **** 
 298:Core/Src/usart.c ****   /* USER CODE END USART2_MspInit 0 */
 299:Core/Src/usart.c ****     /* USART2 clock enable */
 300:Core/Src/usart.c ****     __HAL_RCC_USART2_CLK_ENABLE();
 301:Core/Src/usart.c **** 
 302:Core/Src/usart.c ****     __HAL_RCC_GPIOA_CLK_ENABLE();
 303:Core/Src/usart.c ****     /**USART2 GPIO Configuration
 304:Core/Src/usart.c ****     PA2     ------> USART2_TX
 305:Core/Src/usart.c ****     PA3     ------> USART2_RX
 306:Core/Src/usart.c ****     */
 307:Core/Src/usart.c ****     GPIO_InitStruct.Pin = GPIO_PIN_2|GPIO_PIN_3;
 308:Core/Src/usart.c ****     GPIO_InitStruct.Mode = GPIO_MODE_AF_PP;
 309:Core/Src/usart.c ****     GPIO_InitStruct.Pull = GPIO_NOPULL;
ARM GAS  /tmp/cclYiF0U.s 			page 15


 310:Core/Src/usart.c ****     GPIO_InitStruct.Speed = GPIO_SPEED_FREQ_VERY_HIGH;
 311:Core/Src/usart.c ****     GPIO_InitStruct.Alternate = GPIO_AF7_USART2;
 312:Core/Src/usart.c ****     HAL_GPIO_Init(GPIOA, &GPIO_InitStruct);
 313:Core/Src/usart.c **** 
 314:Core/Src/usart.c ****   /* USER CODE BEGIN USART2_MspInit 1 */
 315:Core/Src/usart.c **** 
 316:Core/Src/usart.c ****   /* USER CODE END USART2_MspInit 1 */
 317:Core/Src/usart.c ****   }
 318:Core/Src/usart.c ****   else if(uartHandle->Instance==USART3)
 497              		.loc 1 318 8 is_stmt 1 view .LVU151
 498              		.loc 1 318 10 is_stmt 0 view .LVU152
 499 002c 804A     		ldr	r2, .L51+16
 500 002e 9342     		cmp	r3, r2
 501 0030 00F0AF80 		beq	.L49
 319:Core/Src/usart.c ****   {
 320:Core/Src/usart.c ****   /* USER CODE BEGIN USART3_MspInit 0 */
 321:Core/Src/usart.c **** 
 322:Core/Src/usart.c ****   /* USER CODE END USART3_MspInit 0 */
 323:Core/Src/usart.c ****     /* USART3 clock enable */
 324:Core/Src/usart.c ****     __HAL_RCC_USART3_CLK_ENABLE();
 325:Core/Src/usart.c **** 
 326:Core/Src/usart.c ****     __HAL_RCC_GPIOC_CLK_ENABLE();
 327:Core/Src/usart.c ****     /**USART3 GPIO Configuration
 328:Core/Src/usart.c ****     PC10     ------> USART3_TX
 329:Core/Src/usart.c ****     PC11     ------> USART3_RX
 330:Core/Src/usart.c ****     */
 331:Core/Src/usart.c ****     GPIO_InitStruct.Pin = GPIO_PIN_10|GPIO_PIN_11;
 332:Core/Src/usart.c ****     GPIO_InitStruct.Mode = GPIO_MODE_AF_PP;
 333:Core/Src/usart.c ****     GPIO_InitStruct.Pull = GPIO_NOPULL;
 334:Core/Src/usart.c ****     GPIO_InitStruct.Speed = GPIO_SPEED_FREQ_VERY_HIGH;
 335:Core/Src/usart.c ****     GPIO_InitStruct.Alternate = GPIO_AF7_USART3;
 336:Core/Src/usart.c ****     HAL_GPIO_Init(GPIOC, &GPIO_InitStruct);
 337:Core/Src/usart.c **** 
 338:Core/Src/usart.c ****   /* USER CODE BEGIN USART3_MspInit 1 */
 339:Core/Src/usart.c **** 
 340:Core/Src/usart.c ****   /* USER CODE END USART3_MspInit 1 */
 341:Core/Src/usart.c ****   }
 342:Core/Src/usart.c ****   else if(uartHandle->Instance==USART6)
 502              		.loc 1 342 8 is_stmt 1 view .LVU153
 503              		.loc 1 342 10 is_stmt 0 view .LVU154
 504 0034 7F4A     		ldr	r2, .L51+20
 505 0036 9342     		cmp	r3, r2
 506 0038 00F0CF80 		beq	.L50
 507              	.LVL13:
 508              	.L37:
 343:Core/Src/usart.c ****   {
 344:Core/Src/usart.c ****   /* USER CODE BEGIN USART6_MspInit 0 */
 345:Core/Src/usart.c **** 
 346:Core/Src/usart.c ****   /* USER CODE END USART6_MspInit 0 */
 347:Core/Src/usart.c ****     /* USART6 clock enable */
 348:Core/Src/usart.c ****     __HAL_RCC_USART6_CLK_ENABLE();
 349:Core/Src/usart.c **** 
 350:Core/Src/usart.c ****     __HAL_RCC_GPIOC_CLK_ENABLE();
 351:Core/Src/usart.c ****     /**USART6 GPIO Configuration
 352:Core/Src/usart.c ****     PC6     ------> USART6_TX
 353:Core/Src/usart.c ****     PC7     ------> USART6_RX
 354:Core/Src/usart.c ****     */
ARM GAS  /tmp/cclYiF0U.s 			page 16


 355:Core/Src/usart.c ****     GPIO_InitStruct.Pin = GPIO_PIN_6|GPIO_PIN_7;
 356:Core/Src/usart.c ****     GPIO_InitStruct.Mode = GPIO_MODE_AF_PP;
 357:Core/Src/usart.c ****     GPIO_InitStruct.Pull = GPIO_NOPULL;
 358:Core/Src/usart.c ****     GPIO_InitStruct.Speed = GPIO_SPEED_FREQ_VERY_HIGH;
 359:Core/Src/usart.c ****     GPIO_InitStruct.Alternate = GPIO_AF8_USART6;
 360:Core/Src/usart.c ****     HAL_GPIO_Init(GPIOC, &GPIO_InitStruct);
 361:Core/Src/usart.c **** 
 362:Core/Src/usart.c ****   /* USER CODE BEGIN USART6_MspInit 1 */
 363:Core/Src/usart.c **** 
 364:Core/Src/usart.c ****   /* USER CODE END USART6_MspInit 1 */
 365:Core/Src/usart.c ****   }
 366:Core/Src/usart.c **** }
 509              		.loc 1 366 1 view .LVU155
 510 003c 13B0     		add	sp, sp, #76
 511              	.LCFI8:
 512              		.cfi_remember_state
 513              		.cfi_def_cfa_offset 20
 514              		@ sp needed
 515 003e F0BD     		pop	{r4, r5, r6, r7, pc}
 516              	.LVL14:
 517              	.L45:
 518              	.LCFI9:
 519              		.cfi_restore_state
 217:Core/Src/usart.c **** 
 520              		.loc 1 217 5 is_stmt 1 view .LVU156
 521              	.LBB2:
 217:Core/Src/usart.c **** 
 522              		.loc 1 217 5 view .LVU157
 523 0040 0021     		movs	r1, #0
 524 0042 0091     		str	r1, [sp]
 217:Core/Src/usart.c **** 
 525              		.loc 1 217 5 view .LVU158
 526 0044 7C4B     		ldr	r3, .L51+24
 527 0046 1A6C     		ldr	r2, [r3, #64]
 528 0048 42F40022 		orr	r2, r2, #524288
 529 004c 1A64     		str	r2, [r3, #64]
 217:Core/Src/usart.c **** 
 530              		.loc 1 217 5 view .LVU159
 531 004e 1A6C     		ldr	r2, [r3, #64]
 532 0050 02F40022 		and	r2, r2, #524288
 533 0054 0092     		str	r2, [sp]
 217:Core/Src/usart.c **** 
 534              		.loc 1 217 5 view .LVU160
 535 0056 009A     		ldr	r2, [sp]
 536              	.LBE2:
 217:Core/Src/usart.c **** 
 537              		.loc 1 217 5 view .LVU161
 219:Core/Src/usart.c ****     /**UART4 GPIO Configuration
 538              		.loc 1 219 5 view .LVU162
 539              	.LBB3:
 219:Core/Src/usart.c ****     /**UART4 GPIO Configuration
 540              		.loc 1 219 5 view .LVU163
 541 0058 0191     		str	r1, [sp, #4]
 219:Core/Src/usart.c ****     /**UART4 GPIO Configuration
 542              		.loc 1 219 5 view .LVU164
 543 005a 1A6B     		ldr	r2, [r3, #48]
 544 005c 42F00102 		orr	r2, r2, #1
ARM GAS  /tmp/cclYiF0U.s 			page 17


 545 0060 1A63     		str	r2, [r3, #48]
 219:Core/Src/usart.c ****     /**UART4 GPIO Configuration
 546              		.loc 1 219 5 view .LVU165
 547 0062 1B6B     		ldr	r3, [r3, #48]
 548 0064 03F00103 		and	r3, r3, #1
 549 0068 0193     		str	r3, [sp, #4]
 219:Core/Src/usart.c ****     /**UART4 GPIO Configuration
 550              		.loc 1 219 5 view .LVU166
 551 006a 019B     		ldr	r3, [sp, #4]
 552              	.LBE3:
 219:Core/Src/usart.c ****     /**UART4 GPIO Configuration
 553              		.loc 1 219 5 view .LVU167
 224:Core/Src/usart.c ****     GPIO_InitStruct.Mode = GPIO_MODE_AF_PP;
 554              		.loc 1 224 5 view .LVU168
 224:Core/Src/usart.c ****     GPIO_InitStruct.Mode = GPIO_MODE_AF_PP;
 555              		.loc 1 224 25 is_stmt 0 view .LVU169
 556 006c 0323     		movs	r3, #3
 557 006e 0D93     		str	r3, [sp, #52]
 225:Core/Src/usart.c ****     GPIO_InitStruct.Pull = GPIO_NOPULL;
 558              		.loc 1 225 5 is_stmt 1 view .LVU170
 225:Core/Src/usart.c ****     GPIO_InitStruct.Pull = GPIO_NOPULL;
 559              		.loc 1 225 26 is_stmt 0 view .LVU171
 560 0070 0222     		movs	r2, #2
 561 0072 0E92     		str	r2, [sp, #56]
 226:Core/Src/usart.c ****     GPIO_InitStruct.Speed = GPIO_SPEED_FREQ_VERY_HIGH;
 562              		.loc 1 226 5 is_stmt 1 view .LVU172
 227:Core/Src/usart.c ****     GPIO_InitStruct.Alternate = GPIO_AF8_UART4;
 563              		.loc 1 227 5 view .LVU173
 227:Core/Src/usart.c ****     GPIO_InitStruct.Alternate = GPIO_AF8_UART4;
 564              		.loc 1 227 27 is_stmt 0 view .LVU174
 565 0074 1093     		str	r3, [sp, #64]
 228:Core/Src/usart.c ****     HAL_GPIO_Init(GPIOA, &GPIO_InitStruct);
 566              		.loc 1 228 5 is_stmt 1 view .LVU175
 228:Core/Src/usart.c ****     HAL_GPIO_Init(GPIOA, &GPIO_InitStruct);
 567              		.loc 1 228 31 is_stmt 0 view .LVU176
 568 0076 0823     		movs	r3, #8
 569 0078 1193     		str	r3, [sp, #68]
 229:Core/Src/usart.c **** 
 570              		.loc 1 229 5 is_stmt 1 view .LVU177
 571 007a 0DA9     		add	r1, sp, #52
 572 007c 6F48     		ldr	r0, .L51+28
 573              	.LVL15:
 229:Core/Src/usart.c **** 
 574              		.loc 1 229 5 is_stmt 0 view .LVU178
 575 007e FFF7FEFF 		bl	HAL_GPIO_Init
 576              	.LVL16:
 577 0082 DBE7     		b	.L37
 578              	.LVL17:
 579              	.L46:
 241:Core/Src/usart.c **** 
 580              		.loc 1 241 5 is_stmt 1 view .LVU179
 581              	.LBB4:
 241:Core/Src/usart.c **** 
 582              		.loc 1 241 5 view .LVU180
 583 0084 0024     		movs	r4, #0
 584 0086 0294     		str	r4, [sp, #8]
 241:Core/Src/usart.c **** 
ARM GAS  /tmp/cclYiF0U.s 			page 18


 585              		.loc 1 241 5 view .LVU181
 586 0088 6B4B     		ldr	r3, .L51+24
 587 008a 1A6C     		ldr	r2, [r3, #64]
 588 008c 42F48012 		orr	r2, r2, #1048576
 589 0090 1A64     		str	r2, [r3, #64]
 241:Core/Src/usart.c **** 
 590              		.loc 1 241 5 view .LVU182
 591 0092 1A6C     		ldr	r2, [r3, #64]
 592 0094 02F48012 		and	r2, r2, #1048576
 593 0098 0292     		str	r2, [sp, #8]
 241:Core/Src/usart.c **** 
 594              		.loc 1 241 5 view .LVU183
 595 009a 029A     		ldr	r2, [sp, #8]
 596              	.LBE4:
 241:Core/Src/usart.c **** 
 597              		.loc 1 241 5 view .LVU184
 243:Core/Src/usart.c ****     __HAL_RCC_GPIOD_CLK_ENABLE();
 598              		.loc 1 243 5 view .LVU185
 599              	.LBB5:
 243:Core/Src/usart.c ****     __HAL_RCC_GPIOD_CLK_ENABLE();
 600              		.loc 1 243 5 view .LVU186
 601 009c 0394     		str	r4, [sp, #12]
 243:Core/Src/usart.c ****     __HAL_RCC_GPIOD_CLK_ENABLE();
 602              		.loc 1 243 5 view .LVU187
 603 009e 1A6B     		ldr	r2, [r3, #48]
 604 00a0 42F00402 		orr	r2, r2, #4
 605 00a4 1A63     		str	r2, [r3, #48]
 243:Core/Src/usart.c ****     __HAL_RCC_GPIOD_CLK_ENABLE();
 606              		.loc 1 243 5 view .LVU188
 607 00a6 1A6B     		ldr	r2, [r3, #48]
 608 00a8 02F00402 		and	r2, r2, #4
 609 00ac 0392     		str	r2, [sp, #12]
 243:Core/Src/usart.c ****     __HAL_RCC_GPIOD_CLK_ENABLE();
 610              		.loc 1 243 5 view .LVU189
 611 00ae 039A     		ldr	r2, [sp, #12]
 612              	.LBE5:
 243:Core/Src/usart.c ****     __HAL_RCC_GPIOD_CLK_ENABLE();
 613              		.loc 1 243 5 view .LVU190
 244:Core/Src/usart.c ****     /**UART5 GPIO Configuration
 614              		.loc 1 244 5 view .LVU191
 615              	.LBB6:
 244:Core/Src/usart.c ****     /**UART5 GPIO Configuration
 616              		.loc 1 244 5 view .LVU192
 617 00b0 0494     		str	r4, [sp, #16]
 244:Core/Src/usart.c ****     /**UART5 GPIO Configuration
 618              		.loc 1 244 5 view .LVU193
 619 00b2 1A6B     		ldr	r2, [r3, #48]
 620 00b4 42F00802 		orr	r2, r2, #8
 621 00b8 1A63     		str	r2, [r3, #48]
 244:Core/Src/usart.c ****     /**UART5 GPIO Configuration
 622              		.loc 1 244 5 view .LVU194
 623 00ba 1B6B     		ldr	r3, [r3, #48]
 624 00bc 03F00803 		and	r3, r3, #8
 625 00c0 0493     		str	r3, [sp, #16]
 244:Core/Src/usart.c ****     /**UART5 GPIO Configuration
 626              		.loc 1 244 5 view .LVU195
 627 00c2 049B     		ldr	r3, [sp, #16]
ARM GAS  /tmp/cclYiF0U.s 			page 19


 628              	.LBE6:
 244:Core/Src/usart.c ****     /**UART5 GPIO Configuration
 629              		.loc 1 244 5 view .LVU196
 249:Core/Src/usart.c ****     GPIO_InitStruct.Mode = GPIO_MODE_AF_PP;
 630              		.loc 1 249 5 view .LVU197
 249:Core/Src/usart.c ****     GPIO_InitStruct.Mode = GPIO_MODE_AF_PP;
 631              		.loc 1 249 25 is_stmt 0 view .LVU198
 632 00c4 4FF48053 		mov	r3, #4096
 633 00c8 0D93     		str	r3, [sp, #52]
 250:Core/Src/usart.c ****     GPIO_InitStruct.Pull = GPIO_NOPULL;
 634              		.loc 1 250 5 is_stmt 1 view .LVU199
 250:Core/Src/usart.c ****     GPIO_InitStruct.Pull = GPIO_NOPULL;
 635              		.loc 1 250 26 is_stmt 0 view .LVU200
 636 00ca 0227     		movs	r7, #2
 637 00cc 0E97     		str	r7, [sp, #56]
 251:Core/Src/usart.c ****     GPIO_InitStruct.Speed = GPIO_SPEED_FREQ_VERY_HIGH;
 638              		.loc 1 251 5 is_stmt 1 view .LVU201
 252:Core/Src/usart.c ****     GPIO_InitStruct.Alternate = GPIO_AF8_UART5;
 639              		.loc 1 252 5 view .LVU202
 252:Core/Src/usart.c ****     GPIO_InitStruct.Alternate = GPIO_AF8_UART5;
 640              		.loc 1 252 27 is_stmt 0 view .LVU203
 641 00ce 0326     		movs	r6, #3
 642 00d0 1096     		str	r6, [sp, #64]
 253:Core/Src/usart.c ****     HAL_GPIO_Init(GPIOC, &GPIO_InitStruct);
 643              		.loc 1 253 5 is_stmt 1 view .LVU204
 253:Core/Src/usart.c ****     HAL_GPIO_Init(GPIOC, &GPIO_InitStruct);
 644              		.loc 1 253 31 is_stmt 0 view .LVU205
 645 00d2 0825     		movs	r5, #8
 646 00d4 1195     		str	r5, [sp, #68]
 254:Core/Src/usart.c **** 
 647              		.loc 1 254 5 is_stmt 1 view .LVU206
 648 00d6 0DA9     		add	r1, sp, #52
 649 00d8 5948     		ldr	r0, .L51+32
 650              	.LVL18:
 254:Core/Src/usart.c **** 
 651              		.loc 1 254 5 is_stmt 0 view .LVU207
 652 00da FFF7FEFF 		bl	HAL_GPIO_Init
 653              	.LVL19:
 256:Core/Src/usart.c ****     GPIO_InitStruct.Mode = GPIO_MODE_AF_PP;
 654              		.loc 1 256 5 is_stmt 1 view .LVU208
 256:Core/Src/usart.c ****     GPIO_InitStruct.Mode = GPIO_MODE_AF_PP;
 655              		.loc 1 256 25 is_stmt 0 view .LVU209
 656 00de 0423     		movs	r3, #4
 657 00e0 0D93     		str	r3, [sp, #52]
 257:Core/Src/usart.c ****     GPIO_InitStruct.Pull = GPIO_NOPULL;
 658              		.loc 1 257 5 is_stmt 1 view .LVU210
 257:Core/Src/usart.c ****     GPIO_InitStruct.Pull = GPIO_NOPULL;
 659              		.loc 1 257 26 is_stmt 0 view .LVU211
 660 00e2 0E97     		str	r7, [sp, #56]
 258:Core/Src/usart.c ****     GPIO_InitStruct.Speed = GPIO_SPEED_FREQ_VERY_HIGH;
 661              		.loc 1 258 5 is_stmt 1 view .LVU212
 258:Core/Src/usart.c ****     GPIO_InitStruct.Speed = GPIO_SPEED_FREQ_VERY_HIGH;
 662              		.loc 1 258 26 is_stmt 0 view .LVU213
 663 00e4 0F94     		str	r4, [sp, #60]
 259:Core/Src/usart.c ****     GPIO_InitStruct.Alternate = GPIO_AF8_UART5;
 664              		.loc 1 259 5 is_stmt 1 view .LVU214
 259:Core/Src/usart.c ****     GPIO_InitStruct.Alternate = GPIO_AF8_UART5;
ARM GAS  /tmp/cclYiF0U.s 			page 20


 665              		.loc 1 259 27 is_stmt 0 view .LVU215
 666 00e6 1096     		str	r6, [sp, #64]
 260:Core/Src/usart.c ****     HAL_GPIO_Init(GPIOD, &GPIO_InitStruct);
 667              		.loc 1 260 5 is_stmt 1 view .LVU216
 260:Core/Src/usart.c ****     HAL_GPIO_Init(GPIOD, &GPIO_InitStruct);
 668              		.loc 1 260 31 is_stmt 0 view .LVU217
 669 00e8 1195     		str	r5, [sp, #68]
 261:Core/Src/usart.c **** 
 670              		.loc 1 261 5 is_stmt 1 view .LVU218
 671 00ea 0DA9     		add	r1, sp, #52
 672 00ec 5548     		ldr	r0, .L51+36
 673 00ee FFF7FEFF 		bl	HAL_GPIO_Init
 674              	.LVL20:
 675 00f2 A3E7     		b	.L37
 676              	.LVL21:
 677              	.L47:
 273:Core/Src/usart.c **** 
 678              		.loc 1 273 5 view .LVU219
 679              	.LBB7:
 273:Core/Src/usart.c **** 
 680              		.loc 1 273 5 view .LVU220
 681 00f4 0024     		movs	r4, #0
 682 00f6 0594     		str	r4, [sp, #20]
 273:Core/Src/usart.c **** 
 683              		.loc 1 273 5 view .LVU221
 684 00f8 4F4B     		ldr	r3, .L51+24
 685 00fa 5A6C     		ldr	r2, [r3, #68]
 686 00fc 42F01002 		orr	r2, r2, #16
 687 0100 5A64     		str	r2, [r3, #68]
 273:Core/Src/usart.c **** 
 688              		.loc 1 273 5 view .LVU222
 689 0102 5A6C     		ldr	r2, [r3, #68]
 690 0104 02F01002 		and	r2, r2, #16
 691 0108 0592     		str	r2, [sp, #20]
 273:Core/Src/usart.c **** 
 692              		.loc 1 273 5 view .LVU223
 693 010a 059A     		ldr	r2, [sp, #20]
 694              	.LBE7:
 273:Core/Src/usart.c **** 
 695              		.loc 1 273 5 view .LVU224
 275:Core/Src/usart.c ****     /**USART1 GPIO Configuration
 696              		.loc 1 275 5 view .LVU225
 697              	.LBB8:
 275:Core/Src/usart.c ****     /**USART1 GPIO Configuration
 698              		.loc 1 275 5 view .LVU226
 699 010c 0694     		str	r4, [sp, #24]
 275:Core/Src/usart.c ****     /**USART1 GPIO Configuration
 700              		.loc 1 275 5 view .LVU227
 701 010e 1A6B     		ldr	r2, [r3, #48]
 702 0110 42F00102 		orr	r2, r2, #1
 703 0114 1A63     		str	r2, [r3, #48]
 275:Core/Src/usart.c ****     /**USART1 GPIO Configuration
 704              		.loc 1 275 5 view .LVU228
 705 0116 1B6B     		ldr	r3, [r3, #48]
 706 0118 03F00103 		and	r3, r3, #1
 707 011c 0693     		str	r3, [sp, #24]
 275:Core/Src/usart.c ****     /**USART1 GPIO Configuration
ARM GAS  /tmp/cclYiF0U.s 			page 21


 708              		.loc 1 275 5 view .LVU229
 709 011e 069B     		ldr	r3, [sp, #24]
 710              	.LBE8:
 275:Core/Src/usart.c ****     /**USART1 GPIO Configuration
 711              		.loc 1 275 5 view .LVU230
 280:Core/Src/usart.c ****     GPIO_InitStruct.Mode = GPIO_MODE_AF_PP;
 712              		.loc 1 280 5 view .LVU231
 280:Core/Src/usart.c ****     GPIO_InitStruct.Mode = GPIO_MODE_AF_PP;
 713              		.loc 1 280 25 is_stmt 0 view .LVU232
 714 0120 4FF4C063 		mov	r3, #1536
 715 0124 0D93     		str	r3, [sp, #52]
 281:Core/Src/usart.c ****     GPIO_InitStruct.Pull = GPIO_NOPULL;
 716              		.loc 1 281 5 is_stmt 1 view .LVU233
 281:Core/Src/usart.c ****     GPIO_InitStruct.Pull = GPIO_NOPULL;
 717              		.loc 1 281 26 is_stmt 0 view .LVU234
 718 0126 0223     		movs	r3, #2
 719 0128 0E93     		str	r3, [sp, #56]
 282:Core/Src/usart.c ****     GPIO_InitStruct.Speed = GPIO_SPEED_FREQ_VERY_HIGH;
 720              		.loc 1 282 5 is_stmt 1 view .LVU235
 283:Core/Src/usart.c ****     GPIO_InitStruct.Alternate = GPIO_AF7_USART1;
 721              		.loc 1 283 5 view .LVU236
 283:Core/Src/usart.c ****     GPIO_InitStruct.Alternate = GPIO_AF7_USART1;
 722              		.loc 1 283 27 is_stmt 0 view .LVU237
 723 012a 0323     		movs	r3, #3
 724 012c 1093     		str	r3, [sp, #64]
 284:Core/Src/usart.c ****     HAL_GPIO_Init(GPIOA, &GPIO_InitStruct);
 725              		.loc 1 284 5 is_stmt 1 view .LVU238
 284:Core/Src/usart.c ****     HAL_GPIO_Init(GPIOA, &GPIO_InitStruct);
 726              		.loc 1 284 31 is_stmt 0 view .LVU239
 727 012e 0723     		movs	r3, #7
 728 0130 1193     		str	r3, [sp, #68]
 285:Core/Src/usart.c **** 
 729              		.loc 1 285 5 is_stmt 1 view .LVU240
 730 0132 0DA9     		add	r1, sp, #52
 731 0134 4148     		ldr	r0, .L51+28
 732              	.LVL22:
 285:Core/Src/usart.c **** 
 733              		.loc 1 285 5 is_stmt 0 view .LVU241
 734 0136 FFF7FEFF 		bl	HAL_GPIO_Init
 735              	.LVL23:
 288:Core/Src/usart.c ****     HAL_NVIC_EnableIRQ(USART1_IRQn);
 736              		.loc 1 288 5 is_stmt 1 view .LVU242
 737 013a 2246     		mov	r2, r4
 738 013c 0521     		movs	r1, #5
 739 013e 2520     		movs	r0, #37
 740 0140 FFF7FEFF 		bl	HAL_NVIC_SetPriority
 741              	.LVL24:
 289:Core/Src/usart.c ****   /* USER CODE BEGIN USART1_MspInit 1 */
 742              		.loc 1 289 5 view .LVU243
 743 0144 2520     		movs	r0, #37
 744 0146 FFF7FEFF 		bl	HAL_NVIC_EnableIRQ
 745              	.LVL25:
 746 014a 77E7     		b	.L37
 747              	.LVL26:
 748              	.L48:
 300:Core/Src/usart.c **** 
 749              		.loc 1 300 5 view .LVU244
ARM GAS  /tmp/cclYiF0U.s 			page 22


 750              	.LBB9:
 300:Core/Src/usart.c **** 
 751              		.loc 1 300 5 view .LVU245
 752 014c 0021     		movs	r1, #0
 753 014e 0791     		str	r1, [sp, #28]
 300:Core/Src/usart.c **** 
 754              		.loc 1 300 5 view .LVU246
 755 0150 394B     		ldr	r3, .L51+24
 756 0152 1A6C     		ldr	r2, [r3, #64]
 757 0154 42F40032 		orr	r2, r2, #131072
 758 0158 1A64     		str	r2, [r3, #64]
 300:Core/Src/usart.c **** 
 759              		.loc 1 300 5 view .LVU247
 760 015a 1A6C     		ldr	r2, [r3, #64]
 761 015c 02F40032 		and	r2, r2, #131072
 762 0160 0792     		str	r2, [sp, #28]
 300:Core/Src/usart.c **** 
 763              		.loc 1 300 5 view .LVU248
 764 0162 079A     		ldr	r2, [sp, #28]
 765              	.LBE9:
 300:Core/Src/usart.c **** 
 766              		.loc 1 300 5 view .LVU249
 302:Core/Src/usart.c ****     /**USART2 GPIO Configuration
 767              		.loc 1 302 5 view .LVU250
 768              	.LBB10:
 302:Core/Src/usart.c ****     /**USART2 GPIO Configuration
 769              		.loc 1 302 5 view .LVU251
 770 0164 0891     		str	r1, [sp, #32]
 302:Core/Src/usart.c ****     /**USART2 GPIO Configuration
 771              		.loc 1 302 5 view .LVU252
 772 0166 1A6B     		ldr	r2, [r3, #48]
 773 0168 42F00102 		orr	r2, r2, #1
 774 016c 1A63     		str	r2, [r3, #48]
 302:Core/Src/usart.c ****     /**USART2 GPIO Configuration
 775              		.loc 1 302 5 view .LVU253
 776 016e 1B6B     		ldr	r3, [r3, #48]
 777 0170 03F00103 		and	r3, r3, #1
 778 0174 0893     		str	r3, [sp, #32]
 302:Core/Src/usart.c ****     /**USART2 GPIO Configuration
 779              		.loc 1 302 5 view .LVU254
 780 0176 089B     		ldr	r3, [sp, #32]
 781              	.LBE10:
 302:Core/Src/usart.c ****     /**USART2 GPIO Configuration
 782              		.loc 1 302 5 view .LVU255
 307:Core/Src/usart.c ****     GPIO_InitStruct.Mode = GPIO_MODE_AF_PP;
 783              		.loc 1 307 5 view .LVU256
 307:Core/Src/usart.c ****     GPIO_InitStruct.Mode = GPIO_MODE_AF_PP;
 784              		.loc 1 307 25 is_stmt 0 view .LVU257
 785 0178 0C23     		movs	r3, #12
 786 017a 0D93     		str	r3, [sp, #52]
 308:Core/Src/usart.c ****     GPIO_InitStruct.Pull = GPIO_NOPULL;
 787              		.loc 1 308 5 is_stmt 1 view .LVU258
 308:Core/Src/usart.c ****     GPIO_InitStruct.Pull = GPIO_NOPULL;
 788              		.loc 1 308 26 is_stmt 0 view .LVU259
 789 017c 0223     		movs	r3, #2
 790 017e 0E93     		str	r3, [sp, #56]
 309:Core/Src/usart.c ****     GPIO_InitStruct.Speed = GPIO_SPEED_FREQ_VERY_HIGH;
ARM GAS  /tmp/cclYiF0U.s 			page 23


 791              		.loc 1 309 5 is_stmt 1 view .LVU260
 310:Core/Src/usart.c ****     GPIO_InitStruct.Alternate = GPIO_AF7_USART2;
 792              		.loc 1 310 5 view .LVU261
 310:Core/Src/usart.c ****     GPIO_InitStruct.Alternate = GPIO_AF7_USART2;
 793              		.loc 1 310 27 is_stmt 0 view .LVU262
 794 0180 0323     		movs	r3, #3
 795 0182 1093     		str	r3, [sp, #64]
 311:Core/Src/usart.c ****     HAL_GPIO_Init(GPIOA, &GPIO_InitStruct);
 796              		.loc 1 311 5 is_stmt 1 view .LVU263
 311:Core/Src/usart.c ****     HAL_GPIO_Init(GPIOA, &GPIO_InitStruct);
 797              		.loc 1 311 31 is_stmt 0 view .LVU264
 798 0184 0723     		movs	r3, #7
 799 0186 1193     		str	r3, [sp, #68]
 312:Core/Src/usart.c **** 
 800              		.loc 1 312 5 is_stmt 1 view .LVU265
 801 0188 0DA9     		add	r1, sp, #52
 802 018a 2C48     		ldr	r0, .L51+28
 803              	.LVL27:
 312:Core/Src/usart.c **** 
 804              		.loc 1 312 5 is_stmt 0 view .LVU266
 805 018c FFF7FEFF 		bl	HAL_GPIO_Init
 806              	.LVL28:
 807 0190 54E7     		b	.L37
 808              	.LVL29:
 809              	.L49:
 324:Core/Src/usart.c **** 
 810              		.loc 1 324 5 is_stmt 1 view .LVU267
 811              	.LBB11:
 324:Core/Src/usart.c **** 
 812              		.loc 1 324 5 view .LVU268
 813 0192 0021     		movs	r1, #0
 814 0194 0991     		str	r1, [sp, #36]
 324:Core/Src/usart.c **** 
 815              		.loc 1 324 5 view .LVU269
 816 0196 284B     		ldr	r3, .L51+24
 817 0198 1A6C     		ldr	r2, [r3, #64]
 818 019a 42F48022 		orr	r2, r2, #262144
 819 019e 1A64     		str	r2, [r3, #64]
 324:Core/Src/usart.c **** 
 820              		.loc 1 324 5 view .LVU270
 821 01a0 1A6C     		ldr	r2, [r3, #64]
 822 01a2 02F48022 		and	r2, r2, #262144
 823 01a6 0992     		str	r2, [sp, #36]
 324:Core/Src/usart.c **** 
 824              		.loc 1 324 5 view .LVU271
 825 01a8 099A     		ldr	r2, [sp, #36]
 826              	.LBE11:
 324:Core/Src/usart.c **** 
 827              		.loc 1 324 5 view .LVU272
 326:Core/Src/usart.c ****     /**USART3 GPIO Configuration
 828              		.loc 1 326 5 view .LVU273
 829              	.LBB12:
 326:Core/Src/usart.c ****     /**USART3 GPIO Configuration
 830              		.loc 1 326 5 view .LVU274
 831 01aa 0A91     		str	r1, [sp, #40]
 326:Core/Src/usart.c ****     /**USART3 GPIO Configuration
 832              		.loc 1 326 5 view .LVU275
ARM GAS  /tmp/cclYiF0U.s 			page 24


 833 01ac 1A6B     		ldr	r2, [r3, #48]
 834 01ae 42F00402 		orr	r2, r2, #4
 835 01b2 1A63     		str	r2, [r3, #48]
 326:Core/Src/usart.c ****     /**USART3 GPIO Configuration
 836              		.loc 1 326 5 view .LVU276
 837 01b4 1B6B     		ldr	r3, [r3, #48]
 838 01b6 03F00403 		and	r3, r3, #4
 839 01ba 0A93     		str	r3, [sp, #40]
 326:Core/Src/usart.c ****     /**USART3 GPIO Configuration
 840              		.loc 1 326 5 view .LVU277
 841 01bc 0A9B     		ldr	r3, [sp, #40]
 842              	.LBE12:
 326:Core/Src/usart.c ****     /**USART3 GPIO Configuration
 843              		.loc 1 326 5 view .LVU278
 331:Core/Src/usart.c ****     GPIO_InitStruct.Mode = GPIO_MODE_AF_PP;
 844              		.loc 1 331 5 view .LVU279
 331:Core/Src/usart.c ****     GPIO_InitStruct.Mode = GPIO_MODE_AF_PP;
 845              		.loc 1 331 25 is_stmt 0 view .LVU280
 846 01be 4FF44063 		mov	r3, #3072
 847 01c2 0D93     		str	r3, [sp, #52]
 332:Core/Src/usart.c ****     GPIO_InitStruct.Pull = GPIO_NOPULL;
 848              		.loc 1 332 5 is_stmt 1 view .LVU281
 332:Core/Src/usart.c ****     GPIO_InitStruct.Pull = GPIO_NOPULL;
 849              		.loc 1 332 26 is_stmt 0 view .LVU282
 850 01c4 0223     		movs	r3, #2
 851 01c6 0E93     		str	r3, [sp, #56]
 333:Core/Src/usart.c ****     GPIO_InitStruct.Speed = GPIO_SPEED_FREQ_VERY_HIGH;
 852              		.loc 1 333 5 is_stmt 1 view .LVU283
 334:Core/Src/usart.c ****     GPIO_InitStruct.Alternate = GPIO_AF7_USART3;
 853              		.loc 1 334 5 view .LVU284
 334:Core/Src/usart.c ****     GPIO_InitStruct.Alternate = GPIO_AF7_USART3;
 854              		.loc 1 334 27 is_stmt 0 view .LVU285
 855 01c8 0323     		movs	r3, #3
 856 01ca 1093     		str	r3, [sp, #64]
 335:Core/Src/usart.c ****     HAL_GPIO_Init(GPIOC, &GPIO_InitStruct);
 857              		.loc 1 335 5 is_stmt 1 view .LVU286
 335:Core/Src/usart.c ****     HAL_GPIO_Init(GPIOC, &GPIO_InitStruct);
 858              		.loc 1 335 31 is_stmt 0 view .LVU287
 859 01cc 0723     		movs	r3, #7
 860 01ce 1193     		str	r3, [sp, #68]
 336:Core/Src/usart.c **** 
 861              		.loc 1 336 5 is_stmt 1 view .LVU288
 862 01d0 0DA9     		add	r1, sp, #52
 863 01d2 1B48     		ldr	r0, .L51+32
 864              	.LVL30:
 336:Core/Src/usart.c **** 
 865              		.loc 1 336 5 is_stmt 0 view .LVU289
 866 01d4 FFF7FEFF 		bl	HAL_GPIO_Init
 867              	.LVL31:
 868 01d8 30E7     		b	.L37
 869              	.LVL32:
 870              	.L50:
 348:Core/Src/usart.c **** 
 871              		.loc 1 348 5 is_stmt 1 view .LVU290
 872              	.LBB13:
 348:Core/Src/usart.c **** 
 873              		.loc 1 348 5 view .LVU291
ARM GAS  /tmp/cclYiF0U.s 			page 25


 874 01da 0021     		movs	r1, #0
 875 01dc 0B91     		str	r1, [sp, #44]
 348:Core/Src/usart.c **** 
 876              		.loc 1 348 5 view .LVU292
 877 01de 164B     		ldr	r3, .L51+24
 878 01e0 5A6C     		ldr	r2, [r3, #68]
 879 01e2 42F02002 		orr	r2, r2, #32
 880 01e6 5A64     		str	r2, [r3, #68]
 348:Core/Src/usart.c **** 
 881              		.loc 1 348 5 view .LVU293
 882 01e8 5A6C     		ldr	r2, [r3, #68]
 883 01ea 02F02002 		and	r2, r2, #32
 884 01ee 0B92     		str	r2, [sp, #44]
 348:Core/Src/usart.c **** 
 885              		.loc 1 348 5 view .LVU294
 886 01f0 0B9A     		ldr	r2, [sp, #44]
 887              	.LBE13:
 348:Core/Src/usart.c **** 
 888              		.loc 1 348 5 view .LVU295
 350:Core/Src/usart.c ****     /**USART6 GPIO Configuration
 889              		.loc 1 350 5 view .LVU296
 890              	.LBB14:
 350:Core/Src/usart.c ****     /**USART6 GPIO Configuration
 891              		.loc 1 350 5 view .LVU297
 892 01f2 0C91     		str	r1, [sp, #48]
 350:Core/Src/usart.c ****     /**USART6 GPIO Configuration
 893              		.loc 1 350 5 view .LVU298
 894 01f4 1A6B     		ldr	r2, [r3, #48]
 895 01f6 42F00402 		orr	r2, r2, #4
 896 01fa 1A63     		str	r2, [r3, #48]
 350:Core/Src/usart.c ****     /**USART6 GPIO Configuration
 897              		.loc 1 350 5 view .LVU299
 898 01fc 1B6B     		ldr	r3, [r3, #48]
 899 01fe 03F00403 		and	r3, r3, #4
 900 0202 0C93     		str	r3, [sp, #48]
 350:Core/Src/usart.c ****     /**USART6 GPIO Configuration
 901              		.loc 1 350 5 view .LVU300
 902 0204 0C9B     		ldr	r3, [sp, #48]
 903              	.LBE14:
 350:Core/Src/usart.c ****     /**USART6 GPIO Configuration
 904              		.loc 1 350 5 view .LVU301
 355:Core/Src/usart.c ****     GPIO_InitStruct.Mode = GPIO_MODE_AF_PP;
 905              		.loc 1 355 5 view .LVU302
 355:Core/Src/usart.c ****     GPIO_InitStruct.Mode = GPIO_MODE_AF_PP;
 906              		.loc 1 355 25 is_stmt 0 view .LVU303
 907 0206 C023     		movs	r3, #192
 908 0208 0D93     		str	r3, [sp, #52]
 356:Core/Src/usart.c ****     GPIO_InitStruct.Pull = GPIO_NOPULL;
 909              		.loc 1 356 5 is_stmt 1 view .LVU304
 356:Core/Src/usart.c ****     GPIO_InitStruct.Pull = GPIO_NOPULL;
 910              		.loc 1 356 26 is_stmt 0 view .LVU305
 911 020a 0223     		movs	r3, #2
 912 020c 0E93     		str	r3, [sp, #56]
 357:Core/Src/usart.c ****     GPIO_InitStruct.Speed = GPIO_SPEED_FREQ_VERY_HIGH;
 913              		.loc 1 357 5 is_stmt 1 view .LVU306
 358:Core/Src/usart.c ****     GPIO_InitStruct.Alternate = GPIO_AF8_USART6;
 914              		.loc 1 358 5 view .LVU307
ARM GAS  /tmp/cclYiF0U.s 			page 26


 358:Core/Src/usart.c ****     GPIO_InitStruct.Alternate = GPIO_AF8_USART6;
 915              		.loc 1 358 27 is_stmt 0 view .LVU308
 916 020e 0323     		movs	r3, #3
 917 0210 1093     		str	r3, [sp, #64]
 359:Core/Src/usart.c ****     HAL_GPIO_Init(GPIOC, &GPIO_InitStruct);
 918              		.loc 1 359 5 is_stmt 1 view .LVU309
 359:Core/Src/usart.c ****     HAL_GPIO_Init(GPIOC, &GPIO_InitStruct);
 919              		.loc 1 359 31 is_stmt 0 view .LVU310
 920 0212 0823     		movs	r3, #8
 921 0214 1193     		str	r3, [sp, #68]
 360:Core/Src/usart.c **** 
 922              		.loc 1 360 5 is_stmt 1 view .LVU311
 923 0216 0DA9     		add	r1, sp, #52
 924 0218 0948     		ldr	r0, .L51+32
 925              	.LVL33:
 360:Core/Src/usart.c **** 
 926              		.loc 1 360 5 is_stmt 0 view .LVU312
 927 021a FFF7FEFF 		bl	HAL_GPIO_Init
 928              	.LVL34:
 929              		.loc 1 366 1 view .LVU313
 930 021e 0DE7     		b	.L37
 931              	.L52:
 932              		.align	2
 933              	.L51:
 934 0220 004C0040 		.word	1073761280
 935 0224 00500040 		.word	1073762304
 936 0228 00100140 		.word	1073811456
 937 022c 00440040 		.word	1073759232
 938 0230 00480040 		.word	1073760256
 939 0234 00140140 		.word	1073812480
 940 0238 00380240 		.word	1073887232
 941 023c 00000240 		.word	1073872896
 942 0240 00080240 		.word	1073874944
 943 0244 000C0240 		.word	1073875968
 944              		.cfi_endproc
 945              	.LFE245:
 947              		.section	.text.HAL_UART_MspDeInit,"ax",%progbits
 948              		.align	1
 949              		.global	HAL_UART_MspDeInit
 950              		.syntax unified
 951              		.thumb
 952              		.thumb_func
 954              	HAL_UART_MspDeInit:
 955              	.LVL35:
 956              	.LFB246:
 367:Core/Src/usart.c **** 
 368:Core/Src/usart.c **** void HAL_UART_MspDeInit(UART_HandleTypeDef* uartHandle)
 369:Core/Src/usart.c **** {
 957              		.loc 1 369 1 is_stmt 1 view -0
 958              		.cfi_startproc
 959              		@ args = 0, pretend = 0, frame = 0
 960              		@ frame_needed = 0, uses_anonymous_args = 0
 961              		.loc 1 369 1 is_stmt 0 view .LVU315
 962 0000 08B5     		push	{r3, lr}
 963              	.LCFI10:
 964              		.cfi_def_cfa_offset 8
 965              		.cfi_offset 3, -8
ARM GAS  /tmp/cclYiF0U.s 			page 27


 966              		.cfi_offset 14, -4
 370:Core/Src/usart.c **** 
 371:Core/Src/usart.c ****   if(uartHandle->Instance==UART4)
 967              		.loc 1 371 3 is_stmt 1 view .LVU316
 968              		.loc 1 371 16 is_stmt 0 view .LVU317
 969 0002 0368     		ldr	r3, [r0]
 970              		.loc 1 371 5 view .LVU318
 971 0004 2F4A     		ldr	r2, .L67
 972 0006 9342     		cmp	r3, r2
 973 0008 0FD0     		beq	.L61
 372:Core/Src/usart.c ****   {
 373:Core/Src/usart.c ****   /* USER CODE BEGIN UART4_MspDeInit 0 */
 374:Core/Src/usart.c **** 
 375:Core/Src/usart.c ****   /* USER CODE END UART4_MspDeInit 0 */
 376:Core/Src/usart.c ****     /* Peripheral clock disable */
 377:Core/Src/usart.c ****     __HAL_RCC_UART4_CLK_DISABLE();
 378:Core/Src/usart.c **** 
 379:Core/Src/usart.c ****     /**UART4 GPIO Configuration
 380:Core/Src/usart.c ****     PA0-WKUP     ------> UART4_TX
 381:Core/Src/usart.c ****     PA1     ------> UART4_RX
 382:Core/Src/usart.c ****     */
 383:Core/Src/usart.c ****     HAL_GPIO_DeInit(GPIOA, GPIO_PIN_0|GPIO_PIN_1);
 384:Core/Src/usart.c **** 
 385:Core/Src/usart.c ****   /* USER CODE BEGIN UART4_MspDeInit 1 */
 386:Core/Src/usart.c **** 
 387:Core/Src/usart.c ****   /* USER CODE END UART4_MspDeInit 1 */
 388:Core/Src/usart.c ****   }
 389:Core/Src/usart.c ****   else if(uartHandle->Instance==UART5)
 974              		.loc 1 389 8 is_stmt 1 view .LVU319
 975              		.loc 1 389 10 is_stmt 0 view .LVU320
 976 000a 2F4A     		ldr	r2, .L67+4
 977 000c 9342     		cmp	r3, r2
 978 000e 17D0     		beq	.L62
 390:Core/Src/usart.c ****   {
 391:Core/Src/usart.c ****   /* USER CODE BEGIN UART5_MspDeInit 0 */
 392:Core/Src/usart.c **** 
 393:Core/Src/usart.c ****   /* USER CODE END UART5_MspDeInit 0 */
 394:Core/Src/usart.c ****     /* Peripheral clock disable */
 395:Core/Src/usart.c ****     __HAL_RCC_UART5_CLK_DISABLE();
 396:Core/Src/usart.c **** 
 397:Core/Src/usart.c ****     /**UART5 GPIO Configuration
 398:Core/Src/usart.c ****     PC12     ------> UART5_TX
 399:Core/Src/usart.c ****     PD2     ------> UART5_RX
 400:Core/Src/usart.c ****     */
 401:Core/Src/usart.c ****     HAL_GPIO_DeInit(GPIOC, GPIO_PIN_12);
 402:Core/Src/usart.c **** 
 403:Core/Src/usart.c ****     HAL_GPIO_DeInit(GPIOD, GPIO_PIN_2);
 404:Core/Src/usart.c **** 
 405:Core/Src/usart.c ****   /* USER CODE BEGIN UART5_MspDeInit 1 */
 406:Core/Src/usart.c **** 
 407:Core/Src/usart.c ****   /* USER CODE END UART5_MspDeInit 1 */
 408:Core/Src/usart.c ****   }
 409:Core/Src/usart.c ****   else if(uartHandle->Instance==USART1)
 979              		.loc 1 409 8 is_stmt 1 view .LVU321
 980              		.loc 1 409 10 is_stmt 0 view .LVU322
 981 0010 2E4A     		ldr	r2, .L67+8
 982 0012 9342     		cmp	r3, r2
ARM GAS  /tmp/cclYiF0U.s 			page 28


 983 0014 24D0     		beq	.L63
 410:Core/Src/usart.c ****   {
 411:Core/Src/usart.c ****   /* USER CODE BEGIN USART1_MspDeInit 0 */
 412:Core/Src/usart.c **** 
 413:Core/Src/usart.c ****   /* USER CODE END USART1_MspDeInit 0 */
 414:Core/Src/usart.c ****     /* Peripheral clock disable */
 415:Core/Src/usart.c ****     __HAL_RCC_USART1_CLK_DISABLE();
 416:Core/Src/usart.c **** 
 417:Core/Src/usart.c ****     /**USART1 GPIO Configuration
 418:Core/Src/usart.c ****     PA9     ------> USART1_TX
 419:Core/Src/usart.c ****     PA10     ------> USART1_RX
 420:Core/Src/usart.c ****     */
 421:Core/Src/usart.c ****     HAL_GPIO_DeInit(GPIOA, GPIO_PIN_9|GPIO_PIN_10);
 422:Core/Src/usart.c **** 
 423:Core/Src/usart.c ****     /* USART1 interrupt Deinit */
 424:Core/Src/usart.c ****     HAL_NVIC_DisableIRQ(USART1_IRQn);
 425:Core/Src/usart.c ****   /* USER CODE BEGIN USART1_MspDeInit 1 */
 426:Core/Src/usart.c **** 
 427:Core/Src/usart.c ****   /* USER CODE END USART1_MspDeInit 1 */
 428:Core/Src/usart.c ****   }
 429:Core/Src/usart.c ****   else if(uartHandle->Instance==USART2)
 984              		.loc 1 429 8 is_stmt 1 view .LVU323
 985              		.loc 1 429 10 is_stmt 0 view .LVU324
 986 0016 2E4A     		ldr	r2, .L67+12
 987 0018 9342     		cmp	r3, r2
 988 001a 30D0     		beq	.L64
 430:Core/Src/usart.c ****   {
 431:Core/Src/usart.c ****   /* USER CODE BEGIN USART2_MspDeInit 0 */
 432:Core/Src/usart.c **** 
 433:Core/Src/usart.c ****   /* USER CODE END USART2_MspDeInit 0 */
 434:Core/Src/usart.c ****     /* Peripheral clock disable */
 435:Core/Src/usart.c ****     __HAL_RCC_USART2_CLK_DISABLE();
 436:Core/Src/usart.c **** 
 437:Core/Src/usart.c ****     /**USART2 GPIO Configuration
 438:Core/Src/usart.c ****     PA2     ------> USART2_TX
 439:Core/Src/usart.c ****     PA3     ------> USART2_RX
 440:Core/Src/usart.c ****     */
 441:Core/Src/usart.c ****     HAL_GPIO_DeInit(GPIOA, GPIO_PIN_2|GPIO_PIN_3);
 442:Core/Src/usart.c **** 
 443:Core/Src/usart.c ****   /* USER CODE BEGIN USART2_MspDeInit 1 */
 444:Core/Src/usart.c **** 
 445:Core/Src/usart.c ****   /* USER CODE END USART2_MspDeInit 1 */
 446:Core/Src/usart.c ****   }
 447:Core/Src/usart.c ****   else if(uartHandle->Instance==USART3)
 989              		.loc 1 447 8 is_stmt 1 view .LVU325
 990              		.loc 1 447 10 is_stmt 0 view .LVU326
 991 001c 2D4A     		ldr	r2, .L67+16
 992 001e 9342     		cmp	r3, r2
 993 0020 38D0     		beq	.L65
 448:Core/Src/usart.c ****   {
 449:Core/Src/usart.c ****   /* USER CODE BEGIN USART3_MspDeInit 0 */
 450:Core/Src/usart.c **** 
 451:Core/Src/usart.c ****   /* USER CODE END USART3_MspDeInit 0 */
 452:Core/Src/usart.c ****     /* Peripheral clock disable */
 453:Core/Src/usart.c ****     __HAL_RCC_USART3_CLK_DISABLE();
 454:Core/Src/usart.c **** 
 455:Core/Src/usart.c ****     /**USART3 GPIO Configuration
ARM GAS  /tmp/cclYiF0U.s 			page 29


 456:Core/Src/usart.c ****     PC10     ------> USART3_TX
 457:Core/Src/usart.c ****     PC11     ------> USART3_RX
 458:Core/Src/usart.c ****     */
 459:Core/Src/usart.c ****     HAL_GPIO_DeInit(GPIOC, GPIO_PIN_10|GPIO_PIN_11);
 460:Core/Src/usart.c **** 
 461:Core/Src/usart.c ****   /* USER CODE BEGIN USART3_MspDeInit 1 */
 462:Core/Src/usart.c **** 
 463:Core/Src/usart.c ****   /* USER CODE END USART3_MspDeInit 1 */
 464:Core/Src/usart.c ****   }
 465:Core/Src/usart.c ****   else if(uartHandle->Instance==USART6)
 994              		.loc 1 465 8 is_stmt 1 view .LVU327
 995              		.loc 1 465 10 is_stmt 0 view .LVU328
 996 0022 2D4A     		ldr	r2, .L67+20
 997 0024 9342     		cmp	r3, r2
 998 0026 41D0     		beq	.L66
 999              	.LVL36:
 1000              	.L53:
 466:Core/Src/usart.c ****   {
 467:Core/Src/usart.c ****   /* USER CODE BEGIN USART6_MspDeInit 0 */
 468:Core/Src/usart.c **** 
 469:Core/Src/usart.c ****   /* USER CODE END USART6_MspDeInit 0 */
 470:Core/Src/usart.c ****     /* Peripheral clock disable */
 471:Core/Src/usart.c ****     __HAL_RCC_USART6_CLK_DISABLE();
 472:Core/Src/usart.c **** 
 473:Core/Src/usart.c ****     /**USART6 GPIO Configuration
 474:Core/Src/usart.c ****     PC6     ------> USART6_TX
 475:Core/Src/usart.c ****     PC7     ------> USART6_RX
 476:Core/Src/usart.c ****     */
 477:Core/Src/usart.c ****     HAL_GPIO_DeInit(GPIOC, GPIO_PIN_6|GPIO_PIN_7);
 478:Core/Src/usart.c **** 
 479:Core/Src/usart.c ****   /* USER CODE BEGIN USART6_MspDeInit 1 */
 480:Core/Src/usart.c **** 
 481:Core/Src/usart.c ****   /* USER CODE END USART6_MspDeInit 1 */
 482:Core/Src/usart.c ****   }
 483:Core/Src/usart.c **** }
 1001              		.loc 1 483 1 view .LVU329
 1002 0028 08BD     		pop	{r3, pc}
 1003              	.LVL37:
 1004              	.L61:
 377:Core/Src/usart.c **** 
 1005              		.loc 1 377 5 is_stmt 1 view .LVU330
 1006 002a 02F5F632 		add	r2, r2, #125952
 1007 002e 136C     		ldr	r3, [r2, #64]
 1008 0030 23F40023 		bic	r3, r3, #524288
 1009 0034 1364     		str	r3, [r2, #64]
 383:Core/Src/usart.c **** 
 1010              		.loc 1 383 5 view .LVU331
 1011 0036 0321     		movs	r1, #3
 1012 0038 2848     		ldr	r0, .L67+24
 1013              	.LVL38:
 383:Core/Src/usart.c **** 
 1014              		.loc 1 383 5 is_stmt 0 view .LVU332
 1015 003a FFF7FEFF 		bl	HAL_GPIO_DeInit
 1016              	.LVL39:
 1017 003e F3E7     		b	.L53
 1018              	.LVL40:
 1019              	.L62:
ARM GAS  /tmp/cclYiF0U.s 			page 30


 395:Core/Src/usart.c **** 
 1020              		.loc 1 395 5 is_stmt 1 view .LVU333
 1021 0040 02F5F432 		add	r2, r2, #124928
 1022 0044 136C     		ldr	r3, [r2, #64]
 1023 0046 23F48013 		bic	r3, r3, #1048576
 1024 004a 1364     		str	r3, [r2, #64]
 401:Core/Src/usart.c **** 
 1025              		.loc 1 401 5 view .LVU334
 1026 004c 4FF48051 		mov	r1, #4096
 1027 0050 2348     		ldr	r0, .L67+28
 1028              	.LVL41:
 401:Core/Src/usart.c **** 
 1029              		.loc 1 401 5 is_stmt 0 view .LVU335
 1030 0052 FFF7FEFF 		bl	HAL_GPIO_DeInit
 1031              	.LVL42:
 403:Core/Src/usart.c **** 
 1032              		.loc 1 403 5 is_stmt 1 view .LVU336
 1033 0056 0421     		movs	r1, #4
 1034 0058 2248     		ldr	r0, .L67+32
 1035 005a FFF7FEFF 		bl	HAL_GPIO_DeInit
 1036              	.LVL43:
 1037 005e E3E7     		b	.L53
 1038              	.LVL44:
 1039              	.L63:
 415:Core/Src/usart.c **** 
 1040              		.loc 1 415 5 view .LVU337
 1041 0060 02F59432 		add	r2, r2, #75776
 1042 0064 536C     		ldr	r3, [r2, #68]
 1043 0066 23F01003 		bic	r3, r3, #16
 1044 006a 5364     		str	r3, [r2, #68]
 421:Core/Src/usart.c **** 
 1045              		.loc 1 421 5 view .LVU338
 1046 006c 4FF4C061 		mov	r1, #1536
 1047 0070 1A48     		ldr	r0, .L67+24
 1048              	.LVL45:
 421:Core/Src/usart.c **** 
 1049              		.loc 1 421 5 is_stmt 0 view .LVU339
 1050 0072 FFF7FEFF 		bl	HAL_GPIO_DeInit
 1051              	.LVL46:
 424:Core/Src/usart.c ****   /* USER CODE BEGIN USART1_MspDeInit 1 */
 1052              		.loc 1 424 5 is_stmt 1 view .LVU340
 1053 0076 2520     		movs	r0, #37
 1054 0078 FFF7FEFF 		bl	HAL_NVIC_DisableIRQ
 1055              	.LVL47:
 1056 007c D4E7     		b	.L53
 1057              	.LVL48:
 1058              	.L64:
 435:Core/Src/usart.c **** 
 1059              		.loc 1 435 5 view .LVU341
 1060 007e 02F5FA32 		add	r2, r2, #128000
 1061 0082 136C     		ldr	r3, [r2, #64]
 1062 0084 23F40033 		bic	r3, r3, #131072
 1063 0088 1364     		str	r3, [r2, #64]
 441:Core/Src/usart.c **** 
 1064              		.loc 1 441 5 view .LVU342
 1065 008a 0C21     		movs	r1, #12
 1066 008c 1348     		ldr	r0, .L67+24
ARM GAS  /tmp/cclYiF0U.s 			page 31


 1067              	.LVL49:
 441:Core/Src/usart.c **** 
 1068              		.loc 1 441 5 is_stmt 0 view .LVU343
 1069 008e FFF7FEFF 		bl	HAL_GPIO_DeInit
 1070              	.LVL50:
 1071 0092 C9E7     		b	.L53
 1072              	.LVL51:
 1073              	.L65:
 453:Core/Src/usart.c **** 
 1074              		.loc 1 453 5 is_stmt 1 view .LVU344
 1075 0094 02F5F832 		add	r2, r2, #126976
 1076 0098 136C     		ldr	r3, [r2, #64]
 1077 009a 23F48023 		bic	r3, r3, #262144
 1078 009e 1364     		str	r3, [r2, #64]
 459:Core/Src/usart.c **** 
 1079              		.loc 1 459 5 view .LVU345
 1080 00a0 4FF44061 		mov	r1, #3072
 1081 00a4 0E48     		ldr	r0, .L67+28
 1082              	.LVL52:
 459:Core/Src/usart.c **** 
 1083              		.loc 1 459 5 is_stmt 0 view .LVU346
 1084 00a6 FFF7FEFF 		bl	HAL_GPIO_DeInit
 1085              	.LVL53:
 1086 00aa BDE7     		b	.L53
 1087              	.LVL54:
 1088              	.L66:
 471:Core/Src/usart.c **** 
 1089              		.loc 1 471 5 is_stmt 1 view .LVU347
 1090 00ac 02F59232 		add	r2, r2, #74752
 1091 00b0 536C     		ldr	r3, [r2, #68]
 1092 00b2 23F02003 		bic	r3, r3, #32
 1093 00b6 5364     		str	r3, [r2, #68]
 477:Core/Src/usart.c **** 
 1094              		.loc 1 477 5 view .LVU348
 1095 00b8 C021     		movs	r1, #192
 1096 00ba 0948     		ldr	r0, .L67+28
 1097              	.LVL55:
 477:Core/Src/usart.c **** 
 1098              		.loc 1 477 5 is_stmt 0 view .LVU349
 1099 00bc FFF7FEFF 		bl	HAL_GPIO_DeInit
 1100              	.LVL56:
 1101              		.loc 1 483 1 view .LVU350
 1102 00c0 B2E7     		b	.L53
 1103              	.L68:
 1104 00c2 00BF     		.align	2
 1105              	.L67:
 1106 00c4 004C0040 		.word	1073761280
 1107 00c8 00500040 		.word	1073762304
 1108 00cc 00100140 		.word	1073811456
 1109 00d0 00440040 		.word	1073759232
 1110 00d4 00480040 		.word	1073760256
 1111 00d8 00140140 		.word	1073812480
 1112 00dc 00000240 		.word	1073872896
 1113 00e0 00080240 		.word	1073874944
 1114 00e4 000C0240 		.word	1073875968
 1115              		.cfi_endproc
 1116              	.LFE246:
ARM GAS  /tmp/cclYiF0U.s 			page 32


 1118              		.global	huart6
 1119              		.section	.bss.huart6,"aw",%nobits
 1120              		.align	2
 1123              	huart6:
 1124 0000 00000000 		.space	72
 1124      00000000 
 1124      00000000 
 1124      00000000 
 1124      00000000 
 1125              		.global	huart3
 1126              		.section	.bss.huart3,"aw",%nobits
 1127              		.align	2
 1130              	huart3:
 1131 0000 00000000 		.space	72
 1131      00000000 
 1131      00000000 
 1131      00000000 
 1131      00000000 
 1132              		.global	huart2
 1133              		.section	.bss.huart2,"aw",%nobits
 1134              		.align	2
 1137              	huart2:
 1138 0000 00000000 		.space	72
 1138      00000000 
 1138      00000000 
 1138      00000000 
 1138      00000000 
 1139              		.global	huart1
 1140              		.section	.bss.huart1,"aw",%nobits
 1141              		.align	2
 1144              	huart1:
 1145 0000 00000000 		.space	72
 1145      00000000 
 1145      00000000 
 1145      00000000 
 1145      00000000 
 1146              		.global	huart5
 1147              		.section	.bss.huart5,"aw",%nobits
 1148              		.align	2
 1151              	huart5:
 1152 0000 00000000 		.space	72
 1152      00000000 
 1152      00000000 
 1152      00000000 
 1152      00000000 
 1153              		.global	huart4
 1154              		.section	.bss.huart4,"aw",%nobits
 1155              		.align	2
 1158              	huart4:
 1159 0000 00000000 		.space	72
 1159      00000000 
 1159      00000000 
 1159      00000000 
 1159      00000000 
 1160              		.text
 1161              	.Letext0:
 1162              		.file 2 "Drivers/CMSIS/Device/ST/STM32F4xx/Include/stm32f405xx.h"
ARM GAS  /tmp/cclYiF0U.s 			page 33


 1163              		.file 3 "/opt/st/stm32cubeclt_1.17.0/GNU-tools-for-STM32/arm-none-eabi/include/machine/_default_ty
 1164              		.file 4 "/opt/st/stm32cubeclt_1.17.0/GNU-tools-for-STM32/arm-none-eabi/include/sys/_stdint.h"
 1165              		.file 5 "Drivers/STM32F4xx_HAL_Driver/Inc/stm32f4xx_hal_def.h"
 1166              		.file 6 "Drivers/STM32F4xx_HAL_Driver/Inc/stm32f4xx_hal_gpio.h"
 1167              		.file 7 "Drivers/STM32F4xx_HAL_Driver/Inc/stm32f4xx_hal_dma.h"
 1168              		.file 8 "Drivers/STM32F4xx_HAL_Driver/Inc/stm32f4xx_hal_uart.h"
 1169              		.file 9 "Core/Inc/usart.h"
 1170              		.file 10 "Drivers/STM32F4xx_HAL_Driver/Inc/stm32f4xx_hal_cortex.h"
 1171              		.file 11 "Core/Inc/main.h"
ARM GAS  /tmp/cclYiF0U.s 			page 34


DEFINED SYMBOLS
                            *ABS*:00000000 usart.c
     /tmp/cclYiF0U.s:21     .text.MX_UART4_Init:00000000 $t
     /tmp/cclYiF0U.s:27     .text.MX_UART4_Init:00000000 MX_UART4_Init
     /tmp/cclYiF0U.s:85     .text.MX_UART4_Init:0000002c $d
     /tmp/cclYiF0U.s:1158   .bss.huart4:00000000 huart4
     /tmp/cclYiF0U.s:91     .text.MX_UART5_Init:00000000 $t
     /tmp/cclYiF0U.s:97     .text.MX_UART5_Init:00000000 MX_UART5_Init
     /tmp/cclYiF0U.s:155    .text.MX_UART5_Init:0000002c $d
     /tmp/cclYiF0U.s:1151   .bss.huart5:00000000 huart5
     /tmp/cclYiF0U.s:161    .text.MX_USART1_UART_Init:00000000 $t
     /tmp/cclYiF0U.s:167    .text.MX_USART1_UART_Init:00000000 MX_USART1_UART_Init
     /tmp/cclYiF0U.s:226    .text.MX_USART1_UART_Init:00000030 $d
     /tmp/cclYiF0U.s:1144   .bss.huart1:00000000 huart1
     /tmp/cclYiF0U.s:232    .text.MX_USART2_UART_Init:00000000 $t
     /tmp/cclYiF0U.s:238    .text.MX_USART2_UART_Init:00000000 MX_USART2_UART_Init
     /tmp/cclYiF0U.s:296    .text.MX_USART2_UART_Init:0000002c $d
     /tmp/cclYiF0U.s:1137   .bss.huart2:00000000 huart2
     /tmp/cclYiF0U.s:302    .text.MX_USART3_UART_Init:00000000 $t
     /tmp/cclYiF0U.s:308    .text.MX_USART3_UART_Init:00000000 MX_USART3_UART_Init
     /tmp/cclYiF0U.s:366    .text.MX_USART3_UART_Init:0000002c $d
     /tmp/cclYiF0U.s:1130   .bss.huart3:00000000 huart3
     /tmp/cclYiF0U.s:372    .text.MX_USART6_UART_Init:00000000 $t
     /tmp/cclYiF0U.s:378    .text.MX_USART6_UART_Init:00000000 MX_USART6_UART_Init
     /tmp/cclYiF0U.s:436    .text.MX_USART6_UART_Init:0000002c $d
     /tmp/cclYiF0U.s:1123   .bss.huart6:00000000 huart6
     /tmp/cclYiF0U.s:442    .text.HAL_UART_MspInit:00000000 $t
     /tmp/cclYiF0U.s:448    .text.HAL_UART_MspInit:00000000 HAL_UART_MspInit
     /tmp/cclYiF0U.s:934    .text.HAL_UART_MspInit:00000220 $d
     /tmp/cclYiF0U.s:948    .text.HAL_UART_MspDeInit:00000000 $t
     /tmp/cclYiF0U.s:954    .text.HAL_UART_MspDeInit:00000000 HAL_UART_MspDeInit
     /tmp/cclYiF0U.s:1106   .text.HAL_UART_MspDeInit:000000c4 $d
     /tmp/cclYiF0U.s:1120   .bss.huart6:00000000 $d
     /tmp/cclYiF0U.s:1127   .bss.huart3:00000000 $d
     /tmp/cclYiF0U.s:1134   .bss.huart2:00000000 $d
     /tmp/cclYiF0U.s:1141   .bss.huart1:00000000 $d
     /tmp/cclYiF0U.s:1148   .bss.huart5:00000000 $d
     /tmp/cclYiF0U.s:1155   .bss.huart4:00000000 $d

UNDEFINED SYMBOLS
HAL_UART_Init
Error_Handler
HAL_GPIO_Init
HAL_NVIC_SetPriority
HAL_NVIC_EnableIRQ
HAL_GPIO_DeInit
HAL_NVIC_DisableIRQ
